

================================================================
== Synthesis Summary Report of 'pb_predict'
================================================================
+ General Information: 
    * Date:           Sun Mar 15 15:56:28 2026
    * Version:        2022.1 (Build 3526262 on Mon Apr 18 15:48:16 MDT 2022)
    * Project:        pickleball_hls
    * Solution:       solution1 (Vivado IP Flow Target)
    * Product family: zynquplus
    * Target device:  xczu3eg-sbva484-1-e
    

+ Performance & Resource Estimates: 
    
    PS: '+' for module; 'o' for loop; '*' for dataflow
    +------------------------------------+--------+-------+---------+-----------+----------+---------+------+----------+-----------+---------+-------------+-------------+-----+
    |               Modules              |  Issue |       | Latency |  Latency  | Iteration|         | Trip |          |           |         |             |             |     |
    |               & Loops              |  Type  | Slack | (cycles)|    (ns)   |  Latency | Interval| Count| Pipelined|   BRAM    |   DSP   |      FF     |     LUT     | URAM|
    +------------------------------------+--------+-------+---------+-----------+----------+---------+------+----------+-----------+---------+-------------+-------------+-----+
    |+ pb_predict                        |  Timing|  -0.04|   240227|  2.402e+06|         -|   240228|     -|        no|  288 (66%)|  35 (9%)|  17602 (12%)|  16787 (23%)|    -|
    | + pb_predict_Pipeline_READ_INPUT   |       -|   6.06|        8|     80.000|         -|        8|     -|        no|          -|        -|    197 (~0%)|     58 (~0%)|    -|
    |  o READ_INPUT                      |       -|   7.30|        6|     60.000|         1|        1|     6|       yes|          -|        -|            -|            -|    -|
    | + pb_predict_Pipeline_SCALE_INPUT  |       -|   0.49|       22|    220.000|         -|       22|     -|        no|          -|        -|    550 (~0%)|    189 (~0%)|    -|
    |  o SCALE_INPUT                     |       -|   7.30|       20|    200.000|        16|        1|     6|       yes|          -|        -|            -|            -|    -|
    | + pb_predict_Pipeline_LAYER0       |       -|   0.62|      563|  5.630e+03|         -|      563|     -|        no|          -|  15 (4%)|    2454 (1%)|    2069 (2%)|    -|
    |  o LAYER0                          |       -|   7.30|      561|  5.610e+03|        51|        1|   512|       yes|          -|        -|            -|            -|    -|
    | + pb_predict_Pipeline_WRITE_REG    |       -|   6.06|        8|     80.000|         -|        8|     -|        no|          -|        -|     38 (~0%)|     98 (~0%)|    -|
    |  o WRITE_REG                       |       -|   7.30|        6|     60.000|         2|        1|     6|       yes|          -|        -|            -|            -|    -|
    | + pb_predict_Pipeline_WRITE_CLS    |       -|   6.06|        8|     80.000|         -|        8|     -|        no|          -|        -|     39 (~0%)|    106 (~0%)|    -|
    |  o WRITE_CLS                       |       -|   7.30|        6|     60.000|         2|        1|     6|       yes|          -|        -|            -|            -|    -|
    | o LAYER1                           |       -|   7.30|   118784|  1.188e+06|       232|        -|   512|        no|          -|        -|            -|            -|    -|
    |  + pb_predict_Pipeline_L1_MAC      |       -|   0.62|      143|  1.430e+03|         -|      143|     -|        no|  128 (29%)|        -|    2146 (1%)|     966 (1%)|    -|
    |   o L1_MAC                         |       -|   7.30|      141|  1.410e+03|        18|        4|    32|       yes|          -|        -|            -|            -|    -|
    | o REG_HEAD_L0                      |       -|   7.30|    59392|  5.939e+05|       232|        -|   256|        no|          -|        -|            -|            -|    -|
    |  + pb_predict_Pipeline_REG_H0_MAC  |       -|   0.62|      143|  1.430e+03|         -|      143|     -|        no|   64 (14%)|        -|    2146 (1%)|     966 (1%)|    -|
    |   o REG_H0_MAC                     |       -|   7.30|      141|  1.410e+03|        18|        4|    32|       yes|          -|        -|            -|            -|    -|
    | o REG_HEAD_L1                      |       -|   7.30|     1044|  1.044e+04|       174|        -|     6|        no|          -|        -|            -|            -|    -|
    |  + pb_predict_Pipeline_REG_H1_MAC  |       -|   0.62|       79|    790.000|         -|       79|     -|        no|          -|        -|    2263 (1%)|    1153 (1%)|    -|
    |   o REG_H1_MAC                     |       -|   7.30|       77|    770.000|        18|        4|    16|       yes|          -|        -|            -|            -|    -|
    | o CLS_HEAD_L0                      |       -|   7.30|    59392|  5.939e+05|       232|        -|   256|        no|          -|        -|            -|            -|    -|
    |  + pb_predict_Pipeline_CLS_H0_MAC  |       -|   0.62|      143|  1.430e+03|         -|      143|     -|        no|   64 (14%)|        -|    2139 (1%)|     966 (1%)|    -|
    |   o CLS_H0_MAC                     |       -|   7.30|      141|  1.410e+03|        18|        4|    32|       yes|          -|        -|            -|            -|    -|
    | o CLS_HEAD_L1                      |       -|   7.30|      990|  9.900e+03|       165|        -|     6|        no|          -|        -|            -|            -|    -|
    |  + pb_predict_Pipeline_CLS_H1_MAC  |       -|   0.62|       79|    790.000|         -|       79|     -|        no|          -|        -|    2261 (1%)|    1152 (1%)|    -|
    |   o CLS_H1_MAC                     |       -|   7.30|       77|    770.000|        18|        4|    16|       yes|          -|        -|            -|            -|    -|
    +------------------------------------+--------+-------+---------+-----------+----------+---------+------+----------+-----------+---------+-------------+-------------+-----+


================================================================
== HW Interfaces
================================================================
* S_AXILITE Interfaces
+---------------+------------+---------------+
| Interface     | Data Width | Address Width |
+---------------+------------+---------------+
| s_axi_control | 32         | 4             |
+---------------+------------+---------------+

* S_AXILITE Registers
+---------------+----------+--------+-------+--------+----------------------------------+----------------------------------------------------------------------+
| Interface     | Register | Offset | Width | Access | Description                      | Bit Fields                                                           |
+---------------+----------+--------+-------+--------+----------------------------------+----------------------------------------------------------------------+
| s_axi_control | CTRL     | 0x00   | 32    | RW     | Control signals                  | 0=AP_START 1=AP_DONE 2=AP_IDLE 3=AP_READY 7=AUTO_RESTART 9=INTERRUPT |
| s_axi_control | GIER     | 0x04   | 32    | RW     | Global Interrupt Enable Register | 0=Enable                                                             |
| s_axi_control | IP_IER   | 0x08   | 32    | RW     | IP Interrupt Enable Register     | 0=CHAN0_INT_EN 1=CHAN1_INT_EN                                        |
| s_axi_control | IP_ISR   | 0x0c   | 32    | RW     | IP Interrupt Status Register     | 0=CHAN0_INT_ST 1=CHAN1_INT_ST                                        |
+---------------+----------+--------+-------+--------+----------------------------------+----------------------------------------------------------------------+

* AXIS
+---------------+---------------+-------+-------+-------+--------+-------+--------+
| Interface     | Register Mode | TDATA | TKEEP | TLAST | TREADY | TSTRB | TVALID |
+---------------+---------------+-------+-------+-------+--------+-------+--------+
| input_stream  | both          | 32    | 4     | 1     | 1      | 4     | 1      |
| output_stream | both          | 32    | 4     | 1     | 1      | 4     | 1      |
+---------------+---------------+-------+-------+-------+--------+-------+--------+

* TOP LEVEL CONTROL
+-----------+------------+-----------+
| Interface | Type       | Ports     |
+-----------+------------+-----------+
| ap_clk    | clock      | ap_clk    |
| ap_rst_n  | reset      | ap_rst_n  |
| interrupt | interrupt  | interrupt |
| ap_ctrl   | ap_ctrl_hs |           |
+-----------+------------+-----------+


================================================================
== SW I/O Information
================================================================
* Top Function Arguments
+---------------+-----------+--------------------------------------------+
| Argument      | Direction | Datatype                                   |
+---------------+-----------+--------------------------------------------+
| input_stream  | in        | stream<hls::axis<ap_int<32>, 0, 0, 0>, 0>& |
| output_stream | out       | stream<hls::axis<ap_int<32>, 0, 0, 0>, 0>& |
+---------------+-----------+--------------------------------------------+

* SW-to-HW Mapping
+---------------+---------------+-----------+
| Argument      | HW Interface  | HW Type   |
+---------------+---------------+-----------+
| input_stream  | input_stream  | interface |
| output_stream | output_stream | interface |
+---------------+---------------+-----------+


================================================================
== M_AXI Burst Information
================================================================
 Note: All burst requests might be further partitioned into multiple requests during RTL generation based on max_read_burst_length or max_write_burst_length settings.

  No burst in design

================================================================
== Bind Op Report
================================================================
+-------------------------------------------+-----+--------+----------------+------+---------+---------+
| Name                                      | DSP | Pragma | Variable       | Op   | Impl    | Latency |
+-------------------------------------------+-----+--------+----------------+------+---------+---------+
| + pb_predict                              | 35  |        |                |      |         |         |
|   add_ln128_fu_2162_p2                    | -   |        | add_ln128      | add  | fabric  | 0       |
|   faddfsub_32ns_32ns_32_5_full_dsp_1_U411 | 2   |        | add            | fadd | fulldsp | 4       |
|   faddfsub_32ns_32ns_32_5_full_dsp_1_U411 | 2   |        | add1           | fadd | fulldsp | 4       |
|   faddfsub_32ns_32ns_32_5_full_dsp_1_U411 | 2   |        | add2           | fadd | fulldsp | 4       |
|   faddfsub_32ns_32ns_32_5_full_dsp_1_U411 | 2   |        | add3           | fadd | fulldsp | 4       |
|   faddfsub_32ns_32ns_32_5_full_dsp_1_U411 | 2   |        | add4           | fadd | fulldsp | 4       |
|   faddfsub_32ns_32ns_32_5_full_dsp_1_U411 | 2   |        | add5           | fadd | fulldsp | 4       |
|   faddfsub_32ns_32ns_32_5_full_dsp_1_U411 | 2   |        | add6           | fadd | fulldsp | 4       |
|   faddfsub_32ns_32ns_32_5_full_dsp_1_U411 | 2   |        | add7           | fadd | fulldsp | 4       |
|   faddfsub_32ns_32ns_32_5_full_dsp_1_U411 | 2   |        | add8           | fadd | fulldsp | 4       |
|   faddfsub_32ns_32ns_32_5_full_dsp_1_U411 | 2   |        | add9           | fadd | fulldsp | 4       |
|   faddfsub_32ns_32ns_32_5_full_dsp_1_U411 | 2   |        | add10          | fadd | fulldsp | 4       |
|   faddfsub_32ns_32ns_32_5_full_dsp_1_U411 | 2   |        | add11          | fadd | fulldsp | 4       |
|   faddfsub_32ns_32ns_32_5_full_dsp_1_U411 | 2   |        | add12          | fadd | fulldsp | 4       |
|   faddfsub_32ns_32ns_32_5_full_dsp_1_U411 | 2   |        | add13          | fadd | fulldsp | 4       |
|   faddfsub_32ns_32ns_32_5_full_dsp_1_U411 | 2   |        | add14          | fadd | fulldsp | 4       |
|   fmul_32ns_32ns_32_4_max_dsp_1_U412      | 3   |        | mul18          | fmul | maxdsp  | 3       |
|   faddfsub_32ns_32ns_32_5_full_dsp_1_U411 | 2   |        | x_assign_1     | fadd | fulldsp | 4       |
|   add_ln157_fu_2391_p2                    | -   |        | add_ln157      | add  | fabric  | 0       |
|   faddfsub_32ns_32ns_32_5_full_dsp_1_U411 | 2   |        | add15          | fadd | fulldsp | 4       |
|   faddfsub_32ns_32ns_32_5_full_dsp_1_U411 | 2   |        | add16          | fadd | fulldsp | 4       |
|   faddfsub_32ns_32ns_32_5_full_dsp_1_U411 | 2   |        | add17          | fadd | fulldsp | 4       |
|   faddfsub_32ns_32ns_32_5_full_dsp_1_U411 | 2   |        | add18          | fadd | fulldsp | 4       |
|   faddfsub_32ns_32ns_32_5_full_dsp_1_U411 | 2   |        | add19          | fadd | fulldsp | 4       |
|   faddfsub_32ns_32ns_32_5_full_dsp_1_U411 | 2   |        | add20          | fadd | fulldsp | 4       |
|   faddfsub_32ns_32ns_32_5_full_dsp_1_U411 | 2   |        | add21          | fadd | fulldsp | 4       |
|   faddfsub_32ns_32ns_32_5_full_dsp_1_U411 | 2   |        | add22          | fadd | fulldsp | 4       |
|   faddfsub_32ns_32ns_32_5_full_dsp_1_U411 | 2   |        | add23          | fadd | fulldsp | 4       |
|   faddfsub_32ns_32ns_32_5_full_dsp_1_U411 | 2   |        | add24          | fadd | fulldsp | 4       |
|   faddfsub_32ns_32ns_32_5_full_dsp_1_U411 | 2   |        | add25          | fadd | fulldsp | 4       |
|   faddfsub_32ns_32ns_32_5_full_dsp_1_U411 | 2   |        | add26          | fadd | fulldsp | 4       |
|   faddfsub_32ns_32ns_32_5_full_dsp_1_U411 | 2   |        | add27          | fadd | fulldsp | 4       |
|   faddfsub_32ns_32ns_32_5_full_dsp_1_U411 | 2   |        | add28          | fadd | fulldsp | 4       |
|   faddfsub_32ns_32ns_32_5_full_dsp_1_U411 | 2   |        | add29          | fadd | fulldsp | 4       |
|   fmul_32ns_32ns_32_4_max_dsp_1_U412      | 3   |        | mul35          | fmul | maxdsp  | 3       |
|   faddfsub_32ns_32ns_32_5_full_dsp_1_U411 | 2   |        | x_assign_2     | fadd | fulldsp | 4       |
|   add_ln186_fu_2615_p2                    | -   |        | add_ln186      | add  | fabric  | 0       |
|   faddfsub_32ns_32ns_32_5_full_dsp_1_U411 | 2   |        | add30          | fadd | fulldsp | 4       |
|   faddfsub_32ns_32ns_32_5_full_dsp_1_U411 | 2   |        | add31          | fadd | fulldsp | 4       |
|   faddfsub_32ns_32ns_32_5_full_dsp_1_U411 | 2   |        | add32          | fadd | fulldsp | 4       |
|   faddfsub_32ns_32ns_32_5_full_dsp_1_U411 | 2   |        | add33          | fadd | fulldsp | 4       |
|   faddfsub_32ns_32ns_32_5_full_dsp_1_U411 | 2   |        | add34          | fadd | fulldsp | 4       |
|   faddfsub_32ns_32ns_32_5_full_dsp_1_U411 | 2   |        | add35          | fadd | fulldsp | 4       |
|   faddfsub_32ns_32ns_32_5_full_dsp_1_U411 | 2   |        | add36          | fadd | fulldsp | 4       |
|   faddfsub_32ns_32ns_32_5_full_dsp_1_U411 | 2   |        | add37          | fadd | fulldsp | 4       |
|   faddfsub_32ns_32ns_32_5_full_dsp_1_U411 | 2   |        | add38          | fadd | fulldsp | 4       |
|   faddfsub_32ns_32ns_32_5_full_dsp_1_U411 | 2   |        | add39          | fadd | fulldsp | 4       |
|   faddfsub_32ns_32ns_32_5_full_dsp_1_U411 | 2   |        | add40          | fadd | fulldsp | 4       |
|   faddfsub_32ns_32ns_32_5_full_dsp_1_U411 | 2   |        | add41          | fadd | fulldsp | 4       |
|   faddfsub_32ns_32ns_32_5_full_dsp_1_U411 | 2   |        | add42          | fadd | fulldsp | 4       |
|   faddfsub_32ns_32ns_32_5_full_dsp_1_U411 | 2   |        | add43          | fadd | fulldsp | 4       |
|   faddfsub_32ns_32ns_32_5_full_dsp_1_U411 | 2   |        | add44          | fadd | fulldsp | 4       |
|   fmul_32ns_32ns_32_4_max_dsp_1_U412      | 3   |        | mul52          | fmul | maxdsp  | 3       |
|   faddfsub_32ns_32ns_32_5_full_dsp_1_U411 | 2   |        | y_norm         | fadd | fulldsp | 4       |
|   fmul_32ns_32ns_32_4_max_dsp_1_U412      | 3   |        | mul53          | fmul | maxdsp  | 3       |
|   faddfsub_32ns_32ns_32_5_full_dsp_1_U411 | 2   |        | reg_out_6      | fadd | fulldsp | 4       |
|   add_ln216_fu_2743_p2                    | -   |        | add_ln216      | add  | fabric  | 0       |
|   faddfsub_32ns_32ns_32_5_full_dsp_1_U411 | 2   |        | add45          | fadd | fulldsp | 4       |
|   faddfsub_32ns_32ns_32_5_full_dsp_1_U411 | 2   |        | add46          | fadd | fulldsp | 4       |
|   faddfsub_32ns_32ns_32_5_full_dsp_1_U411 | 2   |        | add47          | fadd | fulldsp | 4       |
|   faddfsub_32ns_32ns_32_5_full_dsp_1_U411 | 2   |        | add48          | fadd | fulldsp | 4       |
|   faddfsub_32ns_32ns_32_5_full_dsp_1_U411 | 2   |        | add49          | fadd | fulldsp | 4       |
|   faddfsub_32ns_32ns_32_5_full_dsp_1_U411 | 2   |        | add50          | fadd | fulldsp | 4       |
|   faddfsub_32ns_32ns_32_5_full_dsp_1_U411 | 2   |        | add51          | fadd | fulldsp | 4       |
|   faddfsub_32ns_32ns_32_5_full_dsp_1_U411 | 2   |        | add52          | fadd | fulldsp | 4       |
|   faddfsub_32ns_32ns_32_5_full_dsp_1_U411 | 2   |        | add53          | fadd | fulldsp | 4       |
|   faddfsub_32ns_32ns_32_5_full_dsp_1_U411 | 2   |        | add54          | fadd | fulldsp | 4       |
|   faddfsub_32ns_32ns_32_5_full_dsp_1_U411 | 2   |        | add55          | fadd | fulldsp | 4       |
|   faddfsub_32ns_32ns_32_5_full_dsp_1_U411 | 2   |        | add56          | fadd | fulldsp | 4       |
|   faddfsub_32ns_32ns_32_5_full_dsp_1_U411 | 2   |        | add57          | fadd | fulldsp | 4       |
|   faddfsub_32ns_32ns_32_5_full_dsp_1_U411 | 2   |        | add58          | fadd | fulldsp | 4       |
|   faddfsub_32ns_32ns_32_5_full_dsp_1_U411 | 2   |        | add59          | fadd | fulldsp | 4       |
|   fmul_32ns_32ns_32_4_max_dsp_1_U412      | 3   |        | mul            | fmul | maxdsp  | 3       |
|   faddfsub_32ns_32ns_32_5_full_dsp_1_U411 | 2   |        | x_assign_3     | fadd | fulldsp | 4       |
|   add_ln245_fu_2968_p2                    | -   |        | add_ln245      | add  | fabric  | 0       |
|   faddfsub_32ns_32ns_32_5_full_dsp_1_U411 | 2   |        | add60          | fadd | fulldsp | 4       |
|   faddfsub_32ns_32ns_32_5_full_dsp_1_U411 | 2   |        | add61          | fadd | fulldsp | 4       |
|   faddfsub_32ns_32ns_32_5_full_dsp_1_U411 | 2   |        | add62          | fadd | fulldsp | 4       |
|   faddfsub_32ns_32ns_32_5_full_dsp_1_U411 | 2   |        | add63          | fadd | fulldsp | 4       |
|   faddfsub_32ns_32ns_32_5_full_dsp_1_U411 | 2   |        | add64          | fadd | fulldsp | 4       |
|   faddfsub_32ns_32ns_32_5_full_dsp_1_U411 | 2   |        | add65          | fadd | fulldsp | 4       |
|   faddfsub_32ns_32ns_32_5_full_dsp_1_U411 | 2   |        | add66          | fadd | fulldsp | 4       |
|   faddfsub_32ns_32ns_32_5_full_dsp_1_U411 | 2   |        | add67          | fadd | fulldsp | 4       |
|   faddfsub_32ns_32ns_32_5_full_dsp_1_U411 | 2   |        | add68          | fadd | fulldsp | 4       |
|   faddfsub_32ns_32ns_32_5_full_dsp_1_U411 | 2   |        | add69          | fadd | fulldsp | 4       |
|   faddfsub_32ns_32ns_32_5_full_dsp_1_U411 | 2   |        | add70          | fadd | fulldsp | 4       |
|   faddfsub_32ns_32ns_32_5_full_dsp_1_U411 | 2   |        | add71          | fadd | fulldsp | 4       |
|   faddfsub_32ns_32ns_32_5_full_dsp_1_U411 | 2   |        | add72          | fadd | fulldsp | 4       |
|   faddfsub_32ns_32ns_32_5_full_dsp_1_U411 | 2   |        | add73          | fadd | fulldsp | 4       |
|   faddfsub_32ns_32ns_32_5_full_dsp_1_U411 | 2   |        | add74          | fadd | fulldsp | 4       |
|   fmul_32ns_32ns_32_4_max_dsp_1_U412      | 3   |        | mul61          | fmul | maxdsp  | 3       |
|   faddfsub_32ns_32ns_32_5_full_dsp_1_U411 | 2   |        | cls_out_6      | fadd | fulldsp | 4       |
|  + pb_predict_Pipeline_READ_INPUT         | 0   |        |                |      |         |         |
|    add_ln92_fu_156_p2                     | -   |        | add_ln92       | add  | fabric  | 0       |
|  + pb_predict_Pipeline_SCALE_INPUT        | 0   |        |                |      |         |         |
|    add_ln102_fu_227_p2                    | -   |        | add_ln102      | add  | fabric  | 0       |
|    fdiv_32ns_32ns_32_10_no_dsp_1_U12      | -   |        | input_scaled_6 | fdiv | fabric  | 9       |
|  + pb_predict_Pipeline_LAYER0             | 15  |        |                |      |         |         |
|    add_ln112_fu_587_p2                    | -   |        | add_ln112      | add  | fabric  | 0       |
|    fmul_32ns_32ns_32_4_max_dsp_1_U41      | 3   |        | mul32_4        | fmul | maxdsp  | 3       |
|    fadd_32ns_32ns_32_5_full_dsp_1_U34     | 2   |        | sum_4          | fadd | fulldsp | 4       |
|    fmul_32ns_32ns_32_4_max_dsp_1_U42      | 3   |        | mul32_5        | fmul | maxdsp  | 3       |
|    fadd_32ns_32ns_32_5_full_dsp_1_U35     | 2   |        | sum_5          | fadd | fulldsp | 4       |
|    fmul_32ns_32ns_32_4_max_dsp_1_U43      | 3   |        | mul1           | fmul | maxdsp  | 3       |
|    fadd_32ns_32ns_32_5_full_dsp_1_U36     | 2   |        | x_assign       | fadd | fulldsp | 4       |
|  + pb_predict_Pipeline_L1_MAC             | 0   |        |                |      |         |         |
|    add_ln133_fu_930_p2                    | -   |        | add_ln133      | add  | fabric  | 0       |
|  + pb_predict_Pipeline_REG_H0_MAC         | 0   |        |                |      |         |         |
|    add_ln162_fu_930_p2                    | -   |        | add_ln162      | add  | fabric  | 0       |
|  + pb_predict_Pipeline_REG_H1_MAC         | 0   |        |                |      |         |         |
|    add_ln191_fu_930_p2                    | -   |        | add_ln191      | add  | fabric  | 0       |
|  + pb_predict_Pipeline_CLS_H0_MAC         | 0   |        |                |      |         |         |
|    add_ln221_fu_930_p2                    | -   |        | add_ln221      | add  | fabric  | 0       |
|  + pb_predict_Pipeline_CLS_H1_MAC         | 0   |        |                |      |         |         |
|    add_ln250_fu_930_p2                    | -   |        | add_ln250      | add  | fabric  | 0       |
|  + pb_predict_Pipeline_WRITE_REG          | 0   |        |                |      |         |         |
|    add_ln274_fu_133_p2                    | -   |        | add_ln274      | add  | fabric  | 0       |
|  + pb_predict_Pipeline_WRITE_CLS          | 0   |        |                |      |         |         |
|    add_ln287_fu_132_p2                    | -   |        | add_ln287      | add  | fabric  | 0       |
+-------------------------------------------+-----+--------+----------------+------+---------+---------+


================================================================
== Bind Storage Report
================================================================
+-------------------------------------------+------+------+--------+------------------------------+---------+--------+---------+
| Name                                      | BRAM | URAM | Pragma | Variable                     | Storage | Impl   | Latency |
+-------------------------------------------+------+------+--------+------------------------------+---------+--------+---------+
| + pb_predict                              | 288  | 0    |        |                              |         |        |         |
|   h_a_U                                   | 2    | -    |        | h_a                          | ram_1p  | auto   | 1       |
|   h_a_1_U                                 | 2    | -    |        | h_a_1                        | ram_1p  | auto   | 1       |
|   h_a_2_U                                 | 2    | -    |        | h_a_2                        | ram_1p  | auto   | 1       |
|   sitofp_32s_32_4_no_dsp_1_U423           | 2    | -    |        | h_a_3                        | ram_1p  | auto   | 1       |
|   h_a_4_U                                 | 2    | -    |        | h_a_4                        | ram_1p  | auto   | 1       |
|   h_a_5_U                                 | 2    | -    |        | h_a_5                        | ram_1p  | auto   | 1       |
|   fmul_32ns_32ns_32_4_max_dsp_1_U419      | 2    | -    |        | h_a_6                        | ram_1p  | auto   | 1       |
|   fadd_32ns_32ns_32_5_full_dsp_1_U416     | 2    | -    |        | h_a_7                        | ram_1p  | auto   | 1       |
|   h_a_8_U                                 | 2    | -    |        | h_a_8                        | ram_1p  | auto   | 1       |
|   h_a_9_U                                 | 2    | -    |        | h_a_9                        | ram_1p  | auto   | 1       |
|   h_a_10_U                                | 2    | -    |        | h_a_10                       | ram_1p  | auto   | 1       |
|   sitofp_32s_32_4_no_dsp_1_U424           | 2    | -    |        | h_a_11                       | ram_1p  | auto   | 1       |
|   h_a_12_U                                | 2    | -    |        | h_a_12                       | ram_1p  | auto   | 1       |
|   h_a_13_U                                | 2    | -    |        | h_a_13                       | ram_1p  | auto   | 1       |
|   fmul_32ns_32ns_32_4_max_dsp_1_U420      | 2    | -    |        | h_a_14                       | ram_1p  | auto   | 1       |
|   fadd_32ns_32ns_32_5_full_dsp_1_U417     | 2    | -    |        | h_a_15                       | ram_1p  | auto   | 1       |
|   h_b_U                                   | 1    | -    |        | h_b                          | ram_1p  | auto   | 1       |
|   h_b_1_U                                 | 1    | -    |        | h_b_1                        | ram_1p  | auto   | 1       |
|   h_b_2_U                                 | 1    | -    |        | h_b_2                        | ram_1p  | auto   | 1       |
|   sitofp_32s_32_4_no_dsp_1_U421           | 1    | -    |        | h_b_3                        | ram_1p  | auto   | 1       |
|   h_b_4_U                                 | 1    | -    |        | h_b_4                        | ram_1p  | auto   | 1       |
|   h_b_5_U                                 | 1    | -    |        | h_b_5                        | ram_1p  | auto   | 1       |
|   fmul_32ns_32ns_32_4_max_dsp_1_U412      | 1    | -    |        | h_b_6                        | ram_1p  | auto   | 1       |
|   faddfsub_32ns_32ns_32_5_full_dsp_1_U411 | 1    | -    |        | h_b_7                        | ram_1p  | auto   | 1       |
|   h_b_8_U                                 | 1    | -    |        | h_b_8                        | ram_1p  | auto   | 1       |
|   h_b_9_U                                 | 1    | -    |        | h_b_9                        | ram_1p  | auto   | 1       |
|   h_b_10_U                                | 1    | -    |        | h_b_10                       | ram_1p  | auto   | 1       |
|   sitofp_32s_32_4_no_dsp_1_U422           | 1    | -    |        | h_b_11                       | ram_1p  | auto   | 1       |
|   h_b_12_U                                | 1    | -    |        | h_b_12                       | ram_1p  | auto   | 1       |
|   h_b_13_U                                | 1    | -    |        | h_b_13                       | ram_1p  | auto   | 1       |
|   fmul_32ns_32ns_32_4_max_dsp_1_U418      | 1    | -    |        | h_b_14                       | ram_1p  | auto   | 1       |
|   fadd_32ns_32ns_32_5_full_dsp_1_U415     | 1    | -    |        | h_b_15                       | ram_1p  | auto   | 1       |
|   head_buf_U                              | -    | -    |        | head_buf                     | ram_1p  | auto   | 1       |
|   head_buf_1_U                            | -    | -    |        | head_buf_1                   | ram_1p  | auto   | 1       |
|   head_buf_2_U                            | -    | -    |        | head_buf_2                   | ram_1p  | auto   | 1       |
|   sitofp_32s_32_4_no_dsp_1_U423           | -    | -    |        | head_buf_3                   | ram_1p  | auto   | 1       |
|   head_buf_4_U                            | -    | -    |        | head_buf_4                   | ram_1p  | auto   | 1       |
|   head_buf_5_U                            | -    | -    |        | head_buf_5                   | ram_1p  | auto   | 1       |
|   fmul_32ns_32ns_32_4_max_dsp_1_U419      | -    | -    |        | head_buf_6                   | ram_1p  | auto   | 1       |
|   fadd_32ns_32ns_32_5_full_dsp_1_U416     | -    | -    |        | head_buf_7                   | ram_1p  | auto   | 1       |
|   head_buf_8_U                            | -    | -    |        | head_buf_8                   | ram_1p  | auto   | 1       |
|   head_buf_9_U                            | -    | -    |        | head_buf_9                   | ram_1p  | auto   | 1       |
|   head_buf_10_U                           | -    | -    |        | head_buf_10                  | ram_1p  | auto   | 1       |
|   sitofp_32s_32_4_no_dsp_1_U424           | -    | -    |        | head_buf_11                  | ram_1p  | auto   | 1       |
|   head_buf_12_U                           | -    | -    |        | head_buf_12                  | ram_1p  | auto   | 1       |
|   head_buf_13_U                           | -    | -    |        | head_buf_13                  | ram_1p  | auto   | 1       |
|   fmul_32ns_32ns_32_4_max_dsp_1_U420      | -    | -    |        | head_buf_14                  | ram_1p  | auto   | 1       |
|   fadd_32ns_32ns_32_5_full_dsp_1_U417     | -    | -    |        | head_buf_15                  | ram_1p  | auto   | 1       |
|   trunk_1_bias_U                          | -    | -    | pragma | trunk_1_bias                 | rom_1p  | lutram | 1       |
|   reg_head_0_bias_U                       | -    | -    | pragma | reg_head_0_bias              | rom_1p  | lutram | 1       |
|   reg_head_1_bias_U                       | -    | -    | pragma | reg_head_1_bias              | rom_1p  | lutram | 1       |
|   y_scaler_scale_U                        | -    | -    | pragma | y_scaler_scale               | rom_1p  | lutram | 1       |
|   y_scaler_mean_U                         | -    | -    | pragma | y_scaler_mean                | rom_1p  | lutram | 1       |
|   cls_head_0_bias_U                       | -    | -    | pragma | cls_head_0_bias              | rom_1p  | lutram | 1       |
|   cls_head_1_bias_U                       | -    | -    | pragma | cls_head_1_bias              | rom_1p  | lutram | 1       |
|  + pb_predict_Pipeline_SCALE_INPUT        | 0    | 0    |        |                              |         |        |         |
|    x_scaler_mean_U                        | -    | -    | pragma | x_scaler_mean                | rom_1p  | lutram | 1       |
|    x_scaler_scale_U                       | -    | -    | pragma | x_scaler_scale               | rom_1p  | lutram | 1       |
|  + pb_predict_Pipeline_LAYER0             | 0    | 0    |        |                              |         |        |         |
|    p_ZL16trunk_0_weight_q_0_U             | -    | -    | pragma | p_ZL16trunk_0_weight_q_0     | rom_1p  | lutram | 1       |
|    p_ZL16trunk_0_weight_q_1_U             | -    | -    | pragma | p_ZL16trunk_0_weight_q_1     | rom_1p  | lutram | 1       |
|    p_ZL16trunk_0_weight_q_2_U             | -    | -    | pragma | p_ZL16trunk_0_weight_q_2     | rom_1p  | lutram | 1       |
|    p_ZL16trunk_0_weight_q_3_U             | -    | -    | pragma | p_ZL16trunk_0_weight_q_3     | rom_1p  | lutram | 1       |
|    p_ZL16trunk_0_weight_q_4_U             | -    | -    | pragma | p_ZL16trunk_0_weight_q_4     | rom_1p  | lutram | 1       |
|    p_ZL16trunk_0_weight_q_5_U             | -    | -    | pragma | p_ZL16trunk_0_weight_q_5     | rom_1p  | lutram | 1       |
|    trunk_0_bias_U                         | -    | -    | pragma | trunk_0_bias                 | rom_1p  | lutram | 1       |
|  + pb_predict_Pipeline_L1_MAC             | 128  | 0    |        |                              |         |        |         |
|    p_ZL16trunk_1_weight_q_0_U             | 8    | -    | pragma | p_ZL16trunk_1_weight_q_0     | rom_2p  | bram   | 1       |
|    p_ZL16trunk_1_weight_q_1_U             | 8    | -    | pragma | p_ZL16trunk_1_weight_q_1     | rom_2p  | bram   | 1       |
|    p_ZL16trunk_1_weight_q_2_U             | 8    | -    | pragma | p_ZL16trunk_1_weight_q_2     | rom_2p  | bram   | 1       |
|    p_ZL16trunk_1_weight_q_3_U             | 8    | -    | pragma | p_ZL16trunk_1_weight_q_3     | rom_2p  | bram   | 1       |
|    p_ZL16trunk_1_weight_q_4_U             | 8    | -    | pragma | p_ZL16trunk_1_weight_q_4     | rom_2p  | bram   | 1       |
|    p_ZL16trunk_1_weight_q_5_U             | 8    | -    | pragma | p_ZL16trunk_1_weight_q_5     | rom_2p  | bram   | 1       |
|    p_ZL16trunk_1_weight_q_6_U             | 8    | -    | pragma | p_ZL16trunk_1_weight_q_6     | rom_2p  | bram   | 1       |
|    p_ZL16trunk_1_weight_q_7_U             | 8    | -    | pragma | p_ZL16trunk_1_weight_q_7     | rom_2p  | bram   | 1       |
|    p_ZL16trunk_1_weight_q_8_U             | 8    | -    | pragma | p_ZL16trunk_1_weight_q_8     | rom_2p  | bram   | 1       |
|    p_ZL16trunk_1_weight_q_9_U             | 8    | -    | pragma | p_ZL16trunk_1_weight_q_9     | rom_2p  | bram   | 1       |
|    p_ZL16trunk_1_weight_q_10_U            | 8    | -    | pragma | p_ZL16trunk_1_weight_q_10    | rom_2p  | bram   | 1       |
|    p_ZL16trunk_1_weight_q_11_U            | 8    | -    | pragma | p_ZL16trunk_1_weight_q_11    | rom_2p  | bram   | 1       |
|    p_ZL16trunk_1_weight_q_12_U            | 8    | -    | pragma | p_ZL16trunk_1_weight_q_12    | rom_2p  | bram   | 1       |
|    p_ZL16trunk_1_weight_q_13_U            | 8    | -    | pragma | p_ZL16trunk_1_weight_q_13    | rom_2p  | bram   | 1       |
|    p_ZL16trunk_1_weight_q_14_U            | 8    | -    | pragma | p_ZL16trunk_1_weight_q_14    | rom_2p  | bram   | 1       |
|    p_ZL16trunk_1_weight_q_15_U            | 8    | -    | pragma | p_ZL16trunk_1_weight_q_15    | rom_2p  | bram   | 1       |
|  + pb_predict_Pipeline_REG_H0_MAC         | 64   | 0    |        |                              |         |        |         |
|    p_ZL19reg_head_0_weight_q_0_U          | 4    | -    | pragma | p_ZL19reg_head_0_weight_q_0  | rom_2p  | bram   | 1       |
|    p_ZL19reg_head_0_weight_q_1_U          | 4    | -    | pragma | p_ZL19reg_head_0_weight_q_1  | rom_2p  | bram   | 1       |
|    p_ZL19reg_head_0_weight_q_2_U          | 4    | -    | pragma | p_ZL19reg_head_0_weight_q_2  | rom_2p  | bram   | 1       |
|    p_ZL19reg_head_0_weight_q_3_U          | 4    | -    | pragma | p_ZL19reg_head_0_weight_q_3  | rom_2p  | bram   | 1       |
|    p_ZL19reg_head_0_weight_q_4_U          | 4    | -    | pragma | p_ZL19reg_head_0_weight_q_4  | rom_2p  | bram   | 1       |
|    p_ZL19reg_head_0_weight_q_5_U          | 4    | -    | pragma | p_ZL19reg_head_0_weight_q_5  | rom_2p  | bram   | 1       |
|    p_ZL19reg_head_0_weight_q_6_U          | 4    | -    | pragma | p_ZL19reg_head_0_weight_q_6  | rom_2p  | bram   | 1       |
|    p_ZL19reg_head_0_weight_q_7_U          | 4    | -    | pragma | p_ZL19reg_head_0_weight_q_7  | rom_2p  | bram   | 1       |
|    p_ZL19reg_head_0_weight_q_8_U          | 4    | -    | pragma | p_ZL19reg_head_0_weight_q_8  | rom_2p  | bram   | 1       |
|    p_ZL19reg_head_0_weight_q_9_U          | 4    | -    | pragma | p_ZL19reg_head_0_weight_q_9  | rom_2p  | bram   | 1       |
|    p_ZL19reg_head_0_weight_q_10_U         | 4    | -    | pragma | p_ZL19reg_head_0_weight_q_10 | rom_2p  | bram   | 1       |
|    p_ZL19reg_head_0_weight_q_11_U         | 4    | -    | pragma | p_ZL19reg_head_0_weight_q_11 | rom_2p  | bram   | 1       |
|    p_ZL19reg_head_0_weight_q_12_U         | 4    | -    | pragma | p_ZL19reg_head_0_weight_q_12 | rom_2p  | bram   | 1       |
|    p_ZL19reg_head_0_weight_q_13_U         | 4    | -    | pragma | p_ZL19reg_head_0_weight_q_13 | rom_2p  | bram   | 1       |
|    p_ZL19reg_head_0_weight_q_14_U         | 4    | -    | pragma | p_ZL19reg_head_0_weight_q_14 | rom_2p  | bram   | 1       |
|    p_ZL19reg_head_0_weight_q_15_U         | 4    | -    | pragma | p_ZL19reg_head_0_weight_q_15 | rom_2p  | bram   | 1       |
|  + pb_predict_Pipeline_REG_H1_MAC         | 0    | 0    |        |                              |         |        |         |
|    p_ZL19reg_head_1_weight_q_0_U          | -    | -    | pragma | p_ZL19reg_head_1_weight_q_0  | rom_1p  | lutram | 1       |
|    p_ZL19reg_head_1_weight_q_1_U          | -    | -    | pragma | p_ZL19reg_head_1_weight_q_1  | rom_1p  | lutram | 1       |
|    p_ZL19reg_head_1_weight_q_2_U          | -    | -    | pragma | p_ZL19reg_head_1_weight_q_2  | rom_1p  | lutram | 1       |
|    p_ZL19reg_head_1_weight_q_3_U          | -    | -    | pragma | p_ZL19reg_head_1_weight_q_3  | rom_1p  | lutram | 1       |
|    p_ZL19reg_head_1_weight_q_4_U          | -    | -    | pragma | p_ZL19reg_head_1_weight_q_4  | rom_1p  | lutram | 1       |
|    p_ZL19reg_head_1_weight_q_5_U          | -    | -    | pragma | p_ZL19reg_head_1_weight_q_5  | rom_1p  | lutram | 1       |
|    p_ZL19reg_head_1_weight_q_6_U          | -    | -    | pragma | p_ZL19reg_head_1_weight_q_6  | rom_1p  | lutram | 1       |
|    p_ZL19reg_head_1_weight_q_7_U          | -    | -    | pragma | p_ZL19reg_head_1_weight_q_7  | rom_1p  | lutram | 1       |
|    p_ZL19reg_head_1_weight_q_8_U          | -    | -    | pragma | p_ZL19reg_head_1_weight_q_8  | rom_1p  | lutram | 1       |
|    p_ZL19reg_head_1_weight_q_9_U          | -    | -    | pragma | p_ZL19reg_head_1_weight_q_9  | rom_1p  | lutram | 1       |
|    p_ZL19reg_head_1_weight_q_10_U         | -    | -    | pragma | p_ZL19reg_head_1_weight_q_10 | rom_1p  | lutram | 1       |
|    p_ZL19reg_head_1_weight_q_11_U         | -    | -    | pragma | p_ZL19reg_head_1_weight_q_11 | rom_1p  | lutram | 1       |
|    p_ZL19reg_head_1_weight_q_12_U         | -    | -    | pragma | p_ZL19reg_head_1_weight_q_12 | rom_1p  | lutram | 1       |
|    p_ZL19reg_head_1_weight_q_13_U         | -    | -    | pragma | p_ZL19reg_head_1_weight_q_13 | rom_1p  | lutram | 1       |
|    p_ZL19reg_head_1_weight_q_14_U         | -    | -    | pragma | p_ZL19reg_head_1_weight_q_14 | rom_1p  | lutram | 1       |
|    p_ZL19reg_head_1_weight_q_15_U         | -    | -    | pragma | p_ZL19reg_head_1_weight_q_15 | rom_1p  | lutram | 1       |
|  + pb_predict_Pipeline_CLS_H0_MAC         | 64   | 0    |        |                              |         |        |         |
|    p_ZL19cls_head_0_weight_q_0_U          | 4    | -    | pragma | p_ZL19cls_head_0_weight_q_0  | rom_2p  | bram   | 1       |
|    p_ZL19cls_head_0_weight_q_1_U          | 4    | -    | pragma | p_ZL19cls_head_0_weight_q_1  | rom_2p  | bram   | 1       |
|    p_ZL19cls_head_0_weight_q_2_U          | 4    | -    | pragma | p_ZL19cls_head_0_weight_q_2  | rom_2p  | bram   | 1       |
|    p_ZL19cls_head_0_weight_q_3_U          | 4    | -    | pragma | p_ZL19cls_head_0_weight_q_3  | rom_2p  | bram   | 1       |
|    p_ZL19cls_head_0_weight_q_4_U          | 4    | -    | pragma | p_ZL19cls_head_0_weight_q_4  | rom_2p  | bram   | 1       |
|    p_ZL19cls_head_0_weight_q_5_U          | 4    | -    | pragma | p_ZL19cls_head_0_weight_q_5  | rom_2p  | bram   | 1       |
|    p_ZL19cls_head_0_weight_q_6_U          | 4    | -    | pragma | p_ZL19cls_head_0_weight_q_6  | rom_2p  | bram   | 1       |
|    p_ZL19cls_head_0_weight_q_7_U          | 4    | -    | pragma | p_ZL19cls_head_0_weight_q_7  | rom_2p  | bram   | 1       |
|    p_ZL19cls_head_0_weight_q_8_U          | 4    | -    | pragma | p_ZL19cls_head_0_weight_q_8  | rom_2p  | bram   | 1       |
|    p_ZL19cls_head_0_weight_q_9_U          | 4    | -    | pragma | p_ZL19cls_head_0_weight_q_9  | rom_2p  | bram   | 1       |
|    p_ZL19cls_head_0_weight_q_10_U         | 4    | -    | pragma | p_ZL19cls_head_0_weight_q_10 | rom_2p  | bram   | 1       |
|    p_ZL19cls_head_0_weight_q_11_U         | 4    | -    | pragma | p_ZL19cls_head_0_weight_q_11 | rom_2p  | bram   | 1       |
|    p_ZL19cls_head_0_weight_q_12_U         | 4    | -    | pragma | p_ZL19cls_head_0_weight_q_12 | rom_2p  | bram   | 1       |
|    p_ZL19cls_head_0_weight_q_13_U         | 4    | -    | pragma | p_ZL19cls_head_0_weight_q_13 | rom_2p  | bram   | 1       |
|    p_ZL19cls_head_0_weight_q_14_U         | 4    | -    | pragma | p_ZL19cls_head_0_weight_q_14 | rom_2p  | bram   | 1       |
|    p_ZL19cls_head_0_weight_q_15_U         | 4    | -    | pragma | p_ZL19cls_head_0_weight_q_15 | rom_2p  | bram   | 1       |
|  + pb_predict_Pipeline_CLS_H1_MAC         | 0    | 0    |        |                              |         |        |         |
|    p_ZL19cls_head_1_weight_q_0_U          | -    | -    | pragma | p_ZL19cls_head_1_weight_q_0  | rom_1p  | lutram | 1       |
|    p_ZL19cls_head_1_weight_q_1_U          | -    | -    | pragma | p_ZL19cls_head_1_weight_q_1  | rom_1p  | lutram | 1       |
|    p_ZL19cls_head_1_weight_q_2_U          | -    | -    | pragma | p_ZL19cls_head_1_weight_q_2  | rom_1p  | lutram | 1       |
|    p_ZL19cls_head_1_weight_q_3_U          | -    | -    | pragma | p_ZL19cls_head_1_weight_q_3  | rom_1p  | lutram | 1       |
|    p_ZL19cls_head_1_weight_q_4_U          | -    | -    | pragma | p_ZL19cls_head_1_weight_q_4  | rom_1p  | lutram | 1       |
|    p_ZL19cls_head_1_weight_q_5_U          | -    | -    | pragma | p_ZL19cls_head_1_weight_q_5  | rom_1p  | lutram | 1       |
|    p_ZL19cls_head_1_weight_q_6_U          | -    | -    | pragma | p_ZL19cls_head_1_weight_q_6  | rom_1p  | lutram | 1       |
|    p_ZL19cls_head_1_weight_q_7_U          | -    | -    | pragma | p_ZL19cls_head_1_weight_q_7  | rom_1p  | lutram | 1       |
|    p_ZL19cls_head_1_weight_q_8_U          | -    | -    | pragma | p_ZL19cls_head_1_weight_q_8  | rom_1p  | lutram | 1       |
|    p_ZL19cls_head_1_weight_q_9_U          | -    | -    | pragma | p_ZL19cls_head_1_weight_q_9  | rom_1p  | lutram | 1       |
|    p_ZL19cls_head_1_weight_q_10_U         | -    | -    | pragma | p_ZL19cls_head_1_weight_q_10 | rom_1p  | lutram | 1       |
|    p_ZL19cls_head_1_weight_q_11_U         | -    | -    | pragma | p_ZL19cls_head_1_weight_q_11 | rom_1p  | lutram | 1       |
|    p_ZL19cls_head_1_weight_q_12_U         | -    | -    | pragma | p_ZL19cls_head_1_weight_q_12 | rom_1p  | lutram | 1       |
|    p_ZL19cls_head_1_weight_q_13_U         | -    | -    | pragma | p_ZL19cls_head_1_weight_q_13 | rom_1p  | lutram | 1       |
|    p_ZL19cls_head_1_weight_q_14_U         | -    | -    | pragma | p_ZL19cls_head_1_weight_q_14 | rom_1p  | lutram | 1       |
|    p_ZL19cls_head_1_weight_q_15_U         | -    | -    | pragma | p_ZL19cls_head_1_weight_q_15 | rom_1p  | lutram | 1       |
+-------------------------------------------+------+------+--------+------------------------------+---------+--------+---------+


================================================================
== Pragma Report
================================================================
* Valid Pragma Syntax
+-----------------+------------------------------------------------------+------------------------------------------------------------+
| Type            | Options                                              | Location                                                   |
+-----------------+------------------------------------------------------+------------------------------------------------------------+
| interface       | axis port=input_stream                               | pickleball_model.cpp:38 in pb_predict, input_stream        |
| interface       | axis port=output_stream                              | pickleball_model.cpp:39 in pb_predict, output_stream       |
| interface       | s_axilite port=return bundle=control                 | pickleball_model.cpp:40 in pb_predict, return              |
| array_partition | variable=input_raw complete                          | pickleball_model.cpp:47 in pb_predict, input_raw           |
| array_partition | variable=input_scaled complete                       | pickleball_model.cpp:48 in pb_predict, input_scaled        |
| array_partition | variable=reg_out complete                            | pickleball_model.cpp:49 in pb_predict, reg_out             |
| array_partition | variable=cls_out complete                            | pickleball_model.cpp:50 in pb_predict, cls_out             |
| array_partition | variable=h_a cyclic factor=16                        | pickleball_model.cpp:57 in pb_predict, h_a                 |
| array_partition | variable=h_b cyclic factor=16                        | pickleball_model.cpp:58 in pb_predict, h_b                 |
| array_partition | variable=head_buf cyclic factor=16                   | pickleball_model.cpp:59 in pb_predict, head_buf            |
| bind_storage    | variable=trunk_1_weight_q type=rom_2p impl=bram      | pickleball_model.cpp:64 in pb_predict, trunk_1_weight_q    |
| bind_storage    | variable=reg_head_0_weight_q type=rom_2p impl=bram   | pickleball_model.cpp:65 in pb_predict, reg_head_0_weight_q |
| bind_storage    | variable=cls_head_0_weight_q type=rom_2p impl=bram   | pickleball_model.cpp:66 in pb_predict, cls_head_0_weight_q |
| array_partition | variable=trunk_1_weight_q cyclic factor=16           | pickleball_model.cpp:67 in pb_predict, trunk_1_weight_q    |
| array_partition | variable=reg_head_0_weight_q cyclic factor=16        | pickleball_model.cpp:68 in pb_predict, reg_head_0_weight_q |
| array_partition | variable=cls_head_0_weight_q cyclic factor=16        | pickleball_model.cpp:69 in pb_predict, cls_head_0_weight_q |
| bind_storage    | variable=trunk_0_weight_q type=rom_1p impl=lutram    | pickleball_model.cpp:72 in pb_predict, trunk_0_weight_q    |
| bind_storage    | variable=reg_head_1_weight_q type=rom_1p impl=lutram | pickleball_model.cpp:73 in pb_predict, reg_head_1_weight_q |
| bind_storage    | variable=cls_head_1_weight_q type=rom_1p impl=lutram | pickleball_model.cpp:74 in pb_predict, cls_head_1_weight_q |
| array_partition | variable=trunk_0_weight_q cyclic factor=6            | pickleball_model.cpp:75 in pb_predict, trunk_0_weight_q    |
| array_partition | variable=reg_head_1_weight_q cyclic factor=16        | pickleball_model.cpp:76 in pb_predict, reg_head_1_weight_q |
| array_partition | variable=cls_head_1_weight_q cyclic factor=16        | pickleball_model.cpp:77 in pb_predict, cls_head_1_weight_q |
| bind_storage    | variable=trunk_0_bias type=rom_1p impl=lutram        | pickleball_model.cpp:79 in pb_predict, trunk_0_bias        |
| bind_storage    | variable=trunk_1_bias type=rom_1p impl=lutram        | pickleball_model.cpp:80 in pb_predict, trunk_1_bias        |
| bind_storage    | variable=reg_head_0_bias type=rom_1p impl=lutram     | pickleball_model.cpp:81 in pb_predict, reg_head_0_bias     |
| bind_storage    | variable=reg_head_1_bias type=rom_1p impl=lutram     | pickleball_model.cpp:82 in pb_predict, reg_head_1_bias     |
| bind_storage    | variable=cls_head_0_bias type=rom_1p impl=lutram     | pickleball_model.cpp:83 in pb_predict, cls_head_0_bias     |
| bind_storage    | variable=cls_head_1_bias type=rom_1p impl=lutram     | pickleball_model.cpp:84 in pb_predict, cls_head_1_bias     |
| bind_storage    | variable=x_scaler_mean type=rom_1p impl=lutram       | pickleball_model.cpp:85 in pb_predict, x_scaler_mean       |
| bind_storage    | variable=x_scaler_scale type=rom_1p impl=lutram      | pickleball_model.cpp:86 in pb_predict, x_scaler_scale      |
| bind_storage    | variable=y_scaler_mean type=rom_1p impl=lutram       | pickleball_model.cpp:87 in pb_predict, y_scaler_mean       |
| bind_storage    | variable=y_scaler_scale type=rom_1p impl=lutram      | pickleball_model.cpp:88 in pb_predict, y_scaler_scale      |
| pipeline        | II=1                                                 | pickleball_model.cpp:93 in pb_predict                      |
| pipeline        | II=1                                                 | pickleball_model.cpp:103 in pb_predict                     |
| pipeline        |                                                      | pickleball_model.cpp:113 in pb_predict                     |
| unroll          |                                                      | pickleball_model.cpp:117 in pb_predict                     |
| loop_flatten    | off                                                  | pickleball_model.cpp:129 in pb_predict                     |
| pipeline        | II=4                                                 | pickleball_model.cpp:134 in pb_predict                     |
| loop_flatten    | off                                                  | pickleball_model.cpp:158 in pb_predict                     |
| pipeline        | II=4                                                 | pickleball_model.cpp:163 in pb_predict                     |
| loop_flatten    | off                                                  | pickleball_model.cpp:187 in pb_predict                     |
| pipeline        | II=4                                                 | pickleball_model.cpp:192 in pb_predict                     |
| loop_flatten    | off                                                  | pickleball_model.cpp:217 in pb_predict                     |
| pipeline        | II=4                                                 | pickleball_model.cpp:222 in pb_predict                     |
| loop_flatten    | off                                                  | pickleball_model.cpp:246 in pb_predict                     |
| pipeline        | II=4                                                 | pickleball_model.cpp:251 in pb_predict                     |
| pipeline        | II=1                                                 | pickleball_model.cpp:275 in pb_predict                     |
| pipeline        | II=1                                                 | pickleball_model.cpp:288 in pb_predict                     |
+-----------------+------------------------------------------------------+------------------------------------------------------------+


