

================================================================
== Vitis HLS Report for 'pb_predict_Pipeline_WRITE_CLS'
================================================================
* Date:           Sun Mar 15 15:56:25 2026

* Version:        2022.1 (Build 3526262 on Mon Apr 18 15:48:16 MDT 2022)
* Project:        pickleball_hls
* Solution:       solution1 (Vivado IP Flow Target)
* Product family: zynquplus
* Target device:  xczu3eg-sbva484-1-e


================================================================
== Performance Estimates
================================================================
+ Timing: 
    * Summary: 
    +--------+----------+----------+------------+
    |  Clock |  Target  | Estimated| Uncertainty|
    +--------+----------+----------+------------+
    |ap_clk  |  10.00 ns|  1.236 ns|     2.70 ns|
    +--------+----------+----------+------------+

+ Latency: 
    * Summary: 
    +---------+---------+-----------+-----------+-----+-----+---------+
    |  Latency (cycles) |   Latency (absolute)  |  Interval | Pipeline|
    |   min   |   max   |    min    |    max    | min | max |   Type  |
    +---------+---------+-----------+-----------+-----+-----+---------+
    |        8|        8|  80.000 ns|  80.000 ns|    8|    8|       no|
    +---------+---------+-----------+-----------+-----+-----+---------+

    + Detail: 
        * Instance: 
        N/A

        * Loop: 
        +-------------+---------+---------+----------+-----------+-----------+------+----------+
        |             |  Latency (cycles) | Iteration|  Initiation Interval  | Trip |          |
        |  Loop Name  |   min   |   max   |  Latency |  achieved |   target  | Count| Pipelined|
        +-------------+---------+---------+----------+-----------+-----------+------+----------+
        |- WRITE_CLS  |        6|        6|         2|          1|          1|     6|       yes|
        +-------------+---------+---------+----------+-----------+-----------+------+----------+



================================================================
== Utilization Estimates
================================================================
* Summary: 
+-----------------+---------+-----+--------+-------+-----+
|       Name      | BRAM_18K| DSP |   FF   |  LUT  | URAM|
+-----------------+---------+-----+--------+-------+-----+
|DSP              |        -|    -|       -|      -|    -|
|Expression       |        -|    -|       0|     30|    -|
|FIFO             |        -|    -|       -|      -|    -|
|Instance         |        -|    -|       0|     31|    -|
|Memory           |        -|    -|       -|      -|    -|
|Multiplexer      |        -|    -|       -|     45|    -|
|Register         |        -|    -|      39|      -|    -|
+-----------------+---------+-----+--------+-------+-----+
|Total            |        0|    0|      39|    106|    0|
+-----------------+---------+-----+--------+-------+-----+
|Available        |      432|  360|  141120|  70560|    0|
+-----------------+---------+-----+--------+-------+-----+
|Utilization (%)  |        0|    0|      ~0|     ~0|    0|
+-----------------+---------+-----+--------+-------+-----+

+ Detail: 
    * Instance: 
    +--------------------+---------------+---------+----+---+----+-----+
    |      Instance      |     Module    | BRAM_18K| DSP| FF| LUT| URAM|
    +--------------------+---------------+---------+----+---+----+-----+
    |mux_63_32_1_1_U400  |mux_63_32_1_1  |        0|   0|  0|  31|    0|
    +--------------------+---------------+---------+----+---+----+-----+
    |Total               |               |        0|   0|  0|  31|    0|
    +--------------------+---------------+---------+----+---+----+-----+

    * DSP: 
    N/A

    * Memory: 
    N/A

    * FIFO: 
    N/A

    * Expression: 
    +---------------------------+----------+----+---+----+------------+------------+
    |       Variable Name       | Operation| DSP| FF| LUT| Bitwidth P0| Bitwidth P1|
    +---------------------------+----------+----+---+----+------------+------------+
    |add_ln287_fu_132_p2        |         +|   0|  0|  10|           3|           1|
    |ap_block_pp0_stage0_01001  |       and|   0|  0|   2|           1|           1|
    |icmp_ln287_fu_126_p2       |      icmp|   0|  0|   8|           3|           3|
    |pkt_last_V_fu_156_p2       |      icmp|   0|  0|   8|           3|           3|
    |ap_enable_pp0              |       xor|   0|  0|   2|           1|           2|
    +---------------------------+----------+----+---+----+------------+------------+
    |Total                      |          |   0|  0|  30|          11|          10|
    +---------------------------+----------+----+---+----+------------+------------+

    * Multiplexer: 
    +---------------------------+----+-----------+-----+-----------+
    |            Name           | LUT| Input Size| Bits| Total Bits|
    +---------------------------+----+-----------+-----+-----------+
    |ap_done_int                |   9|          2|    1|          2|
    |ap_enable_reg_pp0_iter1    |   9|          2|    1|          2|
    |ap_sig_allocacmp_i_2       |   9|          2|    3|          6|
    |i_fu_60                    |   9|          2|    3|          6|
    |output_stream_TDATA_blk_n  |   9|          2|    1|          2|
    +---------------------------+----+-----------+-----+-----------+
    |Total                      |  45|         10|    9|         18|
    +---------------------------+----+-----------+-----+-----------+

    * Register: 
    +-------------------------+----+----+-----+-----------+
    |           Name          | FF | LUT| Bits| Const Bits|
    +-------------------------+----+----+-----+-----------+
    |ap_CS_fsm                |   1|   0|    1|          0|
    |ap_done_reg              |   1|   0|    1|          0|
    |ap_enable_reg_pp0_iter1  |   1|   0|    1|          0|
    |conv_reg_181             |  32|   0|   32|          0|
    |i_fu_60                  |   3|   0|    3|          0|
    |pkt_last_V_reg_186       |   1|   0|    1|          0|
    +-------------------------+----+----+-----+-----------+
    |Total                    |  39|   0|   39|          0|
    +-------------------------+----+----+-----+-----------+



================================================================
== Interface
================================================================
* Summary: 
+----------------------+-----+-----+------------+-------------------------------+--------------+
|       RTL Ports      | Dir | Bits|  Protocol  |         Source Object         |    C Type    |
+----------------------+-----+-----+------------+-------------------------------+--------------+
|ap_clk                |   in|    1|  ap_ctrl_hs|  pb_predict_Pipeline_WRITE_CLS|  return value|
|ap_rst                |   in|    1|  ap_ctrl_hs|  pb_predict_Pipeline_WRITE_CLS|  return value|
|ap_start              |   in|    1|  ap_ctrl_hs|  pb_predict_Pipeline_WRITE_CLS|  return value|
|ap_done               |  out|    1|  ap_ctrl_hs|  pb_predict_Pipeline_WRITE_CLS|  return value|
|ap_idle               |  out|    1|  ap_ctrl_hs|  pb_predict_Pipeline_WRITE_CLS|  return value|
|ap_ready              |  out|    1|  ap_ctrl_hs|  pb_predict_Pipeline_WRITE_CLS|  return value|
|output_stream_TREADY  |   in|    1|        axis|         output_stream_V_data_V|       pointer|
|output_stream_TDATA   |  out|   32|        axis|         output_stream_V_data_V|       pointer|
|cls_out               |   in|   32|     ap_none|                        cls_out|        scalar|
|cls_out_1             |   in|   32|     ap_none|                      cls_out_1|        scalar|
|cls_out_2             |   in|   32|     ap_none|                      cls_out_2|        scalar|
|cls_out_3             |   in|   32|     ap_none|                      cls_out_3|        scalar|
|cls_out_4             |   in|   32|     ap_none|                      cls_out_4|        scalar|
|cls_out_5             |   in|   32|     ap_none|                      cls_out_5|        scalar|
|output_stream_TVALID  |  out|    1|        axis|         output_stream_V_last_V|       pointer|
|output_stream_TLAST   |  out|    1|        axis|         output_stream_V_last_V|       pointer|
|output_stream_TKEEP   |  out|    4|        axis|         output_stream_V_keep_V|       pointer|
|output_stream_TSTRB   |  out|    4|        axis|         output_stream_V_strb_V|       pointer|
+----------------------+-----+-----+------------+-------------------------------+--------------+

