

================================================================
== Vitis HLS Report for 'pb_predict_Pipeline_LAYER0'
================================================================
* Date:           Sun Mar 15 15:56:20 2026

* Version:        2022.1 (Build 3526262 on Mon Apr 18 15:48:16 MDT 2022)
* Project:        pickleball_hls
* Solution:       solution1 (Vivado IP Flow Target)
* Product family: zynquplus
* Target device:  xczu3eg-sbva484-1-e


================================================================
== Performance Estimates
================================================================
+ Timing: 
    * Summary: 
    +--------+----------+----------+------------+
    |  Clock |  Target  | Estimated| Uncertainty|
    +--------+----------+----------+------------+
    |ap_clk  |  10.00 ns|  6.675 ns|     2.70 ns|
    +--------+----------+----------+------------+

+ Latency: 
    * Summary: 
    +---------+---------+----------+----------+-----+-----+---------+
    |  Latency (cycles) |  Latency (absolute) |  Interval | Pipeline|
    |   min   |   max   |    min   |    max   | min | max |   Type  |
    +---------+---------+----------+----------+-----+-----+---------+
    |      563|      563|  5.630 us|  5.630 us|  563|  563|       no|
    +---------+---------+----------+----------+-----+-----+---------+

    + Detail: 
        * Instance: 
        N/A

        * Loop: 
        +----------+---------+---------+----------+-----------+-----------+------+----------+
        |          |  Latency (cycles) | Iteration|  Initiation Interval  | Trip |          |
        | Loop Name|   min   |   max   |  Latency |  achieved |   target  | Count| Pipelined|
        +----------+---------+---------+----------+-----------+-----------+------+----------+
        |- LAYER0  |      561|      561|        51|          1|          1|   512|       yes|
        +----------+---------+---------+----------+-----------+-----------+------+----------+



================================================================
== Utilization Estimates
================================================================
* Summary: 
+-----------------+---------+-----+--------+-------+-----+
|       Name      | BRAM_18K| DSP |   FF   |  LUT  | URAM|
+-----------------+---------+-----+--------+-------+-----+
|DSP              |        -|    -|       -|      -|    -|
|Expression       |        -|    -|       0|    131|    -|
|FIFO             |        -|    -|       -|      -|    -|
|Instance         |        -|   15|    1044|   1038|    -|
|Memory           |        -|    -|      80|    640|    -|
|Multiplexer      |        -|    -|       -|     36|    -|
|Register         |        -|    -|    1330|    224|    -|
+-----------------+---------+-----+--------+-------+-----+
|Total            |        0|   15|    2454|   2069|    0|
+-----------------+---------+-----+--------+-------+-----+
|Available        |      432|  360|  141120|  70560|    0|
+-----------------+---------+-----+--------+-------+-----+
|Utilization (%)  |        0|    4|       1|      2|    0|
+-----------------+---------+-----+--------+-------+-----+

+ Detail: 
    * Instance: 
    +------------------------------------+--------------------------------+---------+----+-----+-----+-----+
    |              Instance              |             Module             | BRAM_18K| DSP|  FF | LUT | URAM|
    +------------------------------------+--------------------------------+---------+----+-----+-----+-----+
    |fadd_32ns_32ns_32_5_full_dsp_1_U34  |fadd_32ns_32ns_32_5_full_dsp_1  |        0|   2|  205|  206|    0|
    |fadd_32ns_32ns_32_5_full_dsp_1_U35  |fadd_32ns_32ns_32_5_full_dsp_1  |        0|   2|  205|  206|    0|
    |fadd_32ns_32ns_32_5_full_dsp_1_U36  |fadd_32ns_32ns_32_5_full_dsp_1  |        0|   2|  205|  206|    0|
    |fmul_32ns_32ns_32_4_max_dsp_1_U41   |fmul_32ns_32ns_32_4_max_dsp_1   |        0|   3|  143|  140|    0|
    |fmul_32ns_32ns_32_4_max_dsp_1_U42   |fmul_32ns_32ns_32_4_max_dsp_1   |        0|   3|  143|  140|    0|
    |fmul_32ns_32ns_32_4_max_dsp_1_U43   |fmul_32ns_32ns_32_4_max_dsp_1   |        0|   3|  143|  140|    0|
    |sitofp_32s_32_4_no_dsp_1_U48        |sitofp_32s_32_4_no_dsp_1        |        0|   0|    0|    0|    0|
    |sitofp_32s_32_4_no_dsp_1_U49        |sitofp_32s_32_4_no_dsp_1        |        0|   0|    0|    0|    0|
    +------------------------------------+--------------------------------+---------+----+-----+-----+-----+
    |Total                               |                                |        0|  15| 1044| 1038|    0|
    +------------------------------------+--------------------------------+---------+----+-----+-----+-----+

    * DSP: 
    N/A

    * Memory: 
    +----------------------------+----------------------------------------------------------------------+---------+----+-----+-----+------+-----+------+-------------+
    |           Memory           |                                Module                                | BRAM_18K| FF | LUT | URAM| Words| Bits| Banks| W*Bits*Banks|
    +----------------------------+----------------------------------------------------------------------+---------+----+-----+-----+------+-----+------+-------------+
    |p_ZL16trunk_0_weight_q_0_U  |pb_predict_Pipeline_LAYER0_p_ZL16trunk_0_weight_q_0_ROM_1P_LUTRAM_1R  |        0|   8|   64|    0|   512|    8|     1|         4096|
    |p_ZL16trunk_0_weight_q_1_U  |pb_predict_Pipeline_LAYER0_p_ZL16trunk_0_weight_q_1_ROM_1P_LUTRAM_1R  |        0|   8|   64|    0|   512|    8|     1|         4096|
    |p_ZL16trunk_0_weight_q_2_U  |pb_predict_Pipeline_LAYER0_p_ZL16trunk_0_weight_q_2_ROM_1P_LUTRAM_1R  |        0|   8|   64|    0|   512|    8|     1|         4096|
    |p_ZL16trunk_0_weight_q_3_U  |pb_predict_Pipeline_LAYER0_p_ZL16trunk_0_weight_q_3_ROM_1P_LUTRAM_1R  |        0|   8|   64|    0|   512|    8|     1|         4096|
    |p_ZL16trunk_0_weight_q_4_U  |pb_predict_Pipeline_LAYER0_p_ZL16trunk_0_weight_q_4_ROM_1P_LUTRAM_1R  |        0|   8|   64|    0|   512|    8|     1|         4096|
    |p_ZL16trunk_0_weight_q_5_U  |pb_predict_Pipeline_LAYER0_p_ZL16trunk_0_weight_q_5_ROM_1P_LUTRAM_1R  |        0|   8|   64|    0|   512|    8|     1|         4096|
    |trunk_0_bias_U              |pb_predict_Pipeline_LAYER0_trunk_0_bias_ROM_1P_LUTRAM_1R              |        0|  32|  256|    0|   512|   32|     1|        16384|
    +----------------------------+----------------------------------------------------------------------+---------+----+-----+-----+------+-----+------+-------------+
    |Total                       |                                                                      |        0|  80|  640|    0|  3584|   80|     7|        40960|
    +----------------------------+----------------------------------------------------------------------+---------+----+-----+-----+------+-----+------+-------------+

    * FIFO: 
    N/A

    * Expression: 
    +-------------------------+----------+----+---+----+------------+------------+
    |      Variable Name      | Operation| DSP| FF| LUT| Bitwidth P0| Bitwidth P1|
    +-------------------------+----------+----+---+----+------------+------------+
    |add_ln112_fu_587_p2      |         +|   0|  0|  17|          10|           1|
    |and_ln29_fu_676_p2       |       and|   0|  0|   2|           1|           1|
    |and_ln30_1_fu_694_p2     |       and|   0|  0|   2|           1|           1|
    |and_ln30_fu_682_p2       |       and|   0|  0|   2|           1|           1|
    |icmp_ln112_fu_581_p2     |      icmp|   0|  0|  11|          10|          11|
    |icmp_ln29_1_fu_664_p2    |      icmp|   0|  0|  16|          23|           1|
    |icmp_ln29_fu_658_p2      |      icmp|   0|  0|  11|           8|           2|
    |or_ln29_fu_670_p2        |        or|   0|  0|   2|           1|           1|
    |or_ln30_fu_708_p2        |        or|   0|  0|   2|           1|           1|
    |select_ln30_1_fu_714_p3  |    select|   0|  0|  32|           1|          32|
    |select_ln30_fu_700_p3    |    select|   0|  0|  30|           1|          31|
    |ap_enable_pp0            |       xor|   0|  0|   2|           1|           2|
    |xor_ln29_fu_688_p2       |       xor|   0|  0|   2|           2|           1|
    +-------------------------+----------+----+---+----+------------+------------+
    |Total                    |          |   0|  0| 131|          61|          86|
    +-------------------------+----------+----+---+----+------------+------------+

    * Multiplexer: 
    +-------------------------+----+-----------+-----+-----------+
    |           Name          | LUT| Input Size| Bits| Total Bits|
    +-------------------------+----+-----------+-----+-----------+
    |ap_done_int              |   9|          2|    1|          2|
    |ap_enable_reg_pp0_iter1  |   9|          2|    1|          2|
    |ap_sig_allocacmp_i       |   9|          2|   10|         20|
    |i_2_fu_148               |   9|          2|   10|         20|
    +-------------------------+----+-----------+-----+-----------+
    |Total                    |  36|          8|   22|         44|
    +-------------------------+----+-----------+-----+-----------+

    * Register: 
    +---------------------------------------+----+----+-----+-----------+
    |                  Name                 | FF | LUT| Bits| Const Bits|
    +---------------------------------------+----+----+-----+-----------+
    |ap_CS_fsm                              |   1|   0|    1|          0|
    |ap_done_reg                            |   1|   0|    1|          0|
    |ap_enable_reg_pp0_iter1                |   1|   0|    1|          0|
    |ap_enable_reg_pp0_iter10               |   1|   0|    1|          0|
    |ap_enable_reg_pp0_iter11               |   1|   0|    1|          0|
    |ap_enable_reg_pp0_iter12               |   1|   0|    1|          0|
    |ap_enable_reg_pp0_iter13               |   1|   0|    1|          0|
    |ap_enable_reg_pp0_iter14               |   1|   0|    1|          0|
    |ap_enable_reg_pp0_iter15               |   1|   0|    1|          0|
    |ap_enable_reg_pp0_iter16               |   1|   0|    1|          0|
    |ap_enable_reg_pp0_iter17               |   1|   0|    1|          0|
    |ap_enable_reg_pp0_iter18               |   1|   0|    1|          0|
    |ap_enable_reg_pp0_iter19               |   1|   0|    1|          0|
    |ap_enable_reg_pp0_iter2                |   1|   0|    1|          0|
    |ap_enable_reg_pp0_iter20               |   1|   0|    1|          0|
    |ap_enable_reg_pp0_iter21               |   1|   0|    1|          0|
    |ap_enable_reg_pp0_iter22               |   1|   0|    1|          0|
    |ap_enable_reg_pp0_iter23               |   1|   0|    1|          0|
    |ap_enable_reg_pp0_iter24               |   1|   0|    1|          0|
    |ap_enable_reg_pp0_iter25               |   1|   0|    1|          0|
    |ap_enable_reg_pp0_iter26               |   1|   0|    1|          0|
    |ap_enable_reg_pp0_iter27               |   1|   0|    1|          0|
    |ap_enable_reg_pp0_iter28               |   1|   0|    1|          0|
    |ap_enable_reg_pp0_iter29               |   1|   0|    1|          0|
    |ap_enable_reg_pp0_iter3                |   1|   0|    1|          0|
    |ap_enable_reg_pp0_iter30               |   1|   0|    1|          0|
    |ap_enable_reg_pp0_iter31               |   1|   0|    1|          0|
    |ap_enable_reg_pp0_iter32               |   1|   0|    1|          0|
    |ap_enable_reg_pp0_iter33               |   1|   0|    1|          0|
    |ap_enable_reg_pp0_iter34               |   1|   0|    1|          0|
    |ap_enable_reg_pp0_iter35               |   1|   0|    1|          0|
    |ap_enable_reg_pp0_iter36               |   1|   0|    1|          0|
    |ap_enable_reg_pp0_iter37               |   1|   0|    1|          0|
    |ap_enable_reg_pp0_iter38               |   1|   0|    1|          0|
    |ap_enable_reg_pp0_iter39               |   1|   0|    1|          0|
    |ap_enable_reg_pp0_iter4                |   1|   0|    1|          0|
    |ap_enable_reg_pp0_iter40               |   1|   0|    1|          0|
    |ap_enable_reg_pp0_iter41               |   1|   0|    1|          0|
    |ap_enable_reg_pp0_iter42               |   1|   0|    1|          0|
    |ap_enable_reg_pp0_iter43               |   1|   0|    1|          0|
    |ap_enable_reg_pp0_iter44               |   1|   0|    1|          0|
    |ap_enable_reg_pp0_iter45               |   1|   0|    1|          0|
    |ap_enable_reg_pp0_iter46               |   1|   0|    1|          0|
    |ap_enable_reg_pp0_iter47               |   1|   0|    1|          0|
    |ap_enable_reg_pp0_iter48               |   1|   0|    1|          0|
    |ap_enable_reg_pp0_iter49               |   1|   0|    1|          0|
    |ap_enable_reg_pp0_iter5                |   1|   0|    1|          0|
    |ap_enable_reg_pp0_iter50               |   1|   0|    1|          0|
    |ap_enable_reg_pp0_iter6                |   1|   0|    1|          0|
    |ap_enable_reg_pp0_iter7                |   1|   0|    1|          0|
    |ap_enable_reg_pp0_iter8                |   1|   0|    1|          0|
    |ap_enable_reg_pp0_iter9                |   1|   0|    1|          0|
    |ap_loop_exit_ready_pp0_iter10_reg      |   1|   0|    1|          0|
    |ap_loop_exit_ready_pp0_iter11_reg      |   1|   0|    1|          0|
    |ap_loop_exit_ready_pp0_iter12_reg      |   1|   0|    1|          0|
    |ap_loop_exit_ready_pp0_iter13_reg      |   1|   0|    1|          0|
    |ap_loop_exit_ready_pp0_iter14_reg      |   1|   0|    1|          0|
    |ap_loop_exit_ready_pp0_iter15_reg      |   1|   0|    1|          0|
    |ap_loop_exit_ready_pp0_iter16_reg      |   1|   0|    1|          0|
    |ap_loop_exit_ready_pp0_iter17_reg      |   1|   0|    1|          0|
    |ap_loop_exit_ready_pp0_iter18_reg      |   1|   0|    1|          0|
    |ap_loop_exit_ready_pp0_iter19_reg      |   1|   0|    1|          0|
    |ap_loop_exit_ready_pp0_iter1_reg       |   1|   0|    1|          0|
    |ap_loop_exit_ready_pp0_iter20_reg      |   1|   0|    1|          0|
    |ap_loop_exit_ready_pp0_iter21_reg      |   1|   0|    1|          0|
    |ap_loop_exit_ready_pp0_iter22_reg      |   1|   0|    1|          0|
    |ap_loop_exit_ready_pp0_iter23_reg      |   1|   0|    1|          0|
    |ap_loop_exit_ready_pp0_iter24_reg      |   1|   0|    1|          0|
    |ap_loop_exit_ready_pp0_iter25_reg      |   1|   0|    1|          0|
    |ap_loop_exit_ready_pp0_iter26_reg      |   1|   0|    1|          0|
    |ap_loop_exit_ready_pp0_iter27_reg      |   1|   0|    1|          0|
    |ap_loop_exit_ready_pp0_iter28_reg      |   1|   0|    1|          0|
    |ap_loop_exit_ready_pp0_iter29_reg      |   1|   0|    1|          0|
    |ap_loop_exit_ready_pp0_iter2_reg       |   1|   0|    1|          0|
    |ap_loop_exit_ready_pp0_iter30_reg      |   1|   0|    1|          0|
    |ap_loop_exit_ready_pp0_iter31_reg      |   1|   0|    1|          0|
    |ap_loop_exit_ready_pp0_iter32_reg      |   1|   0|    1|          0|
    |ap_loop_exit_ready_pp0_iter33_reg      |   1|   0|    1|          0|
    |ap_loop_exit_ready_pp0_iter34_reg      |   1|   0|    1|          0|
    |ap_loop_exit_ready_pp0_iter35_reg      |   1|   0|    1|          0|
    |ap_loop_exit_ready_pp0_iter36_reg      |   1|   0|    1|          0|
    |ap_loop_exit_ready_pp0_iter37_reg      |   1|   0|    1|          0|
    |ap_loop_exit_ready_pp0_iter38_reg      |   1|   0|    1|          0|
    |ap_loop_exit_ready_pp0_iter39_reg      |   1|   0|    1|          0|
    |ap_loop_exit_ready_pp0_iter3_reg       |   1|   0|    1|          0|
    |ap_loop_exit_ready_pp0_iter40_reg      |   1|   0|    1|          0|
    |ap_loop_exit_ready_pp0_iter41_reg      |   1|   0|    1|          0|
    |ap_loop_exit_ready_pp0_iter42_reg      |   1|   0|    1|          0|
    |ap_loop_exit_ready_pp0_iter43_reg      |   1|   0|    1|          0|
    |ap_loop_exit_ready_pp0_iter44_reg      |   1|   0|    1|          0|
    |ap_loop_exit_ready_pp0_iter45_reg      |   1|   0|    1|          0|
    |ap_loop_exit_ready_pp0_iter46_reg      |   1|   0|    1|          0|
    |ap_loop_exit_ready_pp0_iter47_reg      |   1|   0|    1|          0|
    |ap_loop_exit_ready_pp0_iter48_reg      |   1|   0|    1|          0|
    |ap_loop_exit_ready_pp0_iter49_reg      |   1|   0|    1|          0|
    |ap_loop_exit_ready_pp0_iter4_reg       |   1|   0|    1|          0|
    |ap_loop_exit_ready_pp0_iter5_reg       |   1|   0|    1|          0|
    |ap_loop_exit_ready_pp0_iter6_reg       |   1|   0|    1|          0|
    |ap_loop_exit_ready_pp0_iter7_reg       |   1|   0|    1|          0|
    |ap_loop_exit_ready_pp0_iter8_reg       |   1|   0|    1|          0|
    |ap_loop_exit_ready_pp0_iter9_reg       |   1|   0|    1|          0|
    |conv1_reg_831                          |  32|   0|   32|          0|
    |conv29_1_reg_856                       |  32|   0|   32|          0|
    |conv29_2_reg_926                       |  32|   0|   32|          0|
    |conv29_3_reg_946                       |  32|   0|   32|          0|
    |conv29_4_reg_966                       |  32|   0|   32|          0|
    |conv29_5_reg_986                       |  32|   0|   32|          0|
    |i_2_fu_148                             |  10|   0|   10|          0|
    |lshr_ln_reg_812                        |   5|   0|    5|          0|
    |mul1_reg_1006                          |  32|   0|   32|          0|
    |mul32_1_reg_921                        |  32|   0|   32|          0|
    |mul32_2_reg_941                        |  32|   0|   32|          0|
    |mul32_3_reg_961                        |  32|   0|   32|          0|
    |mul32_4_reg_981                        |  32|   0|   32|          0|
    |mul32_5_reg_996                        |  32|   0|   32|          0|
    |mul_reg_851                            |  32|   0|   32|          0|
    |p_ZL16trunk_0_weight_q_0_load_reg_821  |   8|   0|    8|          0|
    |p_ZL16trunk_0_weight_q_1_load_reg_841  |   8|   0|    8|          0|
    |p_ZL16trunk_0_weight_q_2_load_reg_886  |   8|   0|    8|          0|
    |p_ZL16trunk_0_weight_q_3_load_reg_891  |   8|   0|    8|          0|
    |p_ZL16trunk_0_weight_q_4_load_reg_896  |   8|   0|    8|          0|
    |p_ZL16trunk_0_weight_q_5_load_reg_901  |   8|   0|    8|          0|
    |sum_1_reg_936                          |  32|   0|   32|          0|
    |sum_2_reg_956                          |  32|   0|   32|          0|
    |sum_3_reg_976                          |  32|   0|   32|          0|
    |sum_4_reg_991                          |  32|   0|   32|          0|
    |sum_5_reg_1001                         |  32|   0|   32|          0|
    |sum_reg_916                            |  32|   0|   32|          0|
    |trunc_ln120_reg_817                    |   4|   0|    4|          0|
    |trunk_0_bias_load_reg_906              |  32|   0|   32|          0|
    |x_assign_reg_1011                      |  32|   0|   32|          0|
    |x_assign_reg_1011_pp0_iter49_reg       |  32|   0|   32|          0|
    |zext_ln112_reg_797                     |  10|   0|   64|         54|
    |lshr_ln_reg_812                        |  64|  32|    5|          0|
    |p_ZL16trunk_0_weight_q_3_load_reg_891  |  64|  32|    8|          0|
    |p_ZL16trunk_0_weight_q_4_load_reg_896  |  64|  32|    8|          0|
    |p_ZL16trunk_0_weight_q_5_load_reg_901  |  64|  32|    8|          0|
    |trunc_ln120_reg_817                    |  64|  32|    4|          0|
    |trunk_0_bias_load_reg_906              |  64|  32|   32|          0|
    |zext_ln112_reg_797                     |  64|  32|   64|         54|
    +---------------------------------------+----+----+-----+-----------+
    |Total                                  |1330| 224| 1065|        108|
    +---------------------------------------+----+----+-----+-----------+



================================================================
== Interface
================================================================
* Summary: 
+-----------------------+-----+-----+------------+----------------------------+--------------+
|       RTL Ports       | Dir | Bits|  Protocol  |        Source Object       |    C Type    |
+-----------------------+-----+-----+------------+----------------------------+--------------+
|ap_clk                 |   in|    1|  ap_ctrl_hs|  pb_predict_Pipeline_LAYER0|  return value|
|ap_rst                 |   in|    1|  ap_ctrl_hs|  pb_predict_Pipeline_LAYER0|  return value|
|ap_start               |   in|    1|  ap_ctrl_hs|  pb_predict_Pipeline_LAYER0|  return value|
|ap_done                |  out|    1|  ap_ctrl_hs|  pb_predict_Pipeline_LAYER0|  return value|
|ap_idle                |  out|    1|  ap_ctrl_hs|  pb_predict_Pipeline_LAYER0|  return value|
|ap_ready               |  out|    1|  ap_ctrl_hs|  pb_predict_Pipeline_LAYER0|  return value|
|grp_fu_2052_p_din0     |  out|   32|  ap_ctrl_hs|  pb_predict_Pipeline_LAYER0|  return value|
|grp_fu_2052_p_din1     |  out|   32|  ap_ctrl_hs|  pb_predict_Pipeline_LAYER0|  return value|
|grp_fu_2052_p_opcode   |  out|    1|  ap_ctrl_hs|  pb_predict_Pipeline_LAYER0|  return value|
|grp_fu_2052_p_dout0    |   in|   32|  ap_ctrl_hs|  pb_predict_Pipeline_LAYER0|  return value|
|grp_fu_2052_p_ce       |  out|    1|  ap_ctrl_hs|  pb_predict_Pipeline_LAYER0|  return value|
|grp_fu_4258_p_din0     |  out|   32|  ap_ctrl_hs|  pb_predict_Pipeline_LAYER0|  return value|
|grp_fu_4258_p_din1     |  out|   32|  ap_ctrl_hs|  pb_predict_Pipeline_LAYER0|  return value|
|grp_fu_4258_p_opcode   |  out|    2|  ap_ctrl_hs|  pb_predict_Pipeline_LAYER0|  return value|
|grp_fu_4258_p_dout0    |   in|   32|  ap_ctrl_hs|  pb_predict_Pipeline_LAYER0|  return value|
|grp_fu_4258_p_ce       |  out|    1|  ap_ctrl_hs|  pb_predict_Pipeline_LAYER0|  return value|
|grp_fu_4262_p_din0     |  out|   32|  ap_ctrl_hs|  pb_predict_Pipeline_LAYER0|  return value|
|grp_fu_4262_p_din1     |  out|   32|  ap_ctrl_hs|  pb_predict_Pipeline_LAYER0|  return value|
|grp_fu_4262_p_opcode   |  out|    2|  ap_ctrl_hs|  pb_predict_Pipeline_LAYER0|  return value|
|grp_fu_4262_p_dout0    |   in|   32|  ap_ctrl_hs|  pb_predict_Pipeline_LAYER0|  return value|
|grp_fu_4262_p_ce       |  out|    1|  ap_ctrl_hs|  pb_predict_Pipeline_LAYER0|  return value|
|grp_fu_4266_p_din0     |  out|   32|  ap_ctrl_hs|  pb_predict_Pipeline_LAYER0|  return value|
|grp_fu_4266_p_din1     |  out|   32|  ap_ctrl_hs|  pb_predict_Pipeline_LAYER0|  return value|
|grp_fu_4266_p_opcode   |  out|    2|  ap_ctrl_hs|  pb_predict_Pipeline_LAYER0|  return value|
|grp_fu_4266_p_dout0    |   in|   32|  ap_ctrl_hs|  pb_predict_Pipeline_LAYER0|  return value|
|grp_fu_4266_p_ce       |  out|    1|  ap_ctrl_hs|  pb_predict_Pipeline_LAYER0|  return value|
|grp_fu_2057_p_din0     |  out|   32|  ap_ctrl_hs|  pb_predict_Pipeline_LAYER0|  return value|
|grp_fu_2057_p_din1     |  out|   32|  ap_ctrl_hs|  pb_predict_Pipeline_LAYER0|  return value|
|grp_fu_2057_p_dout0    |   in|   32|  ap_ctrl_hs|  pb_predict_Pipeline_LAYER0|  return value|
|grp_fu_2057_p_ce       |  out|    1|  ap_ctrl_hs|  pb_predict_Pipeline_LAYER0|  return value|
|grp_fu_4270_p_din0     |  out|   32|  ap_ctrl_hs|  pb_predict_Pipeline_LAYER0|  return value|
|grp_fu_4270_p_din1     |  out|   32|  ap_ctrl_hs|  pb_predict_Pipeline_LAYER0|  return value|
|grp_fu_4270_p_dout0    |   in|   32|  ap_ctrl_hs|  pb_predict_Pipeline_LAYER0|  return value|
|grp_fu_4270_p_ce       |  out|    1|  ap_ctrl_hs|  pb_predict_Pipeline_LAYER0|  return value|
|grp_fu_4274_p_din0     |  out|   32|  ap_ctrl_hs|  pb_predict_Pipeline_LAYER0|  return value|
|grp_fu_4274_p_din1     |  out|   32|  ap_ctrl_hs|  pb_predict_Pipeline_LAYER0|  return value|
|grp_fu_4274_p_dout0    |   in|   32|  ap_ctrl_hs|  pb_predict_Pipeline_LAYER0|  return value|
|grp_fu_4274_p_ce       |  out|    1|  ap_ctrl_hs|  pb_predict_Pipeline_LAYER0|  return value|
|grp_fu_4278_p_din0     |  out|   32|  ap_ctrl_hs|  pb_predict_Pipeline_LAYER0|  return value|
|grp_fu_4278_p_din1     |  out|   32|  ap_ctrl_hs|  pb_predict_Pipeline_LAYER0|  return value|
|grp_fu_4278_p_dout0    |   in|   32|  ap_ctrl_hs|  pb_predict_Pipeline_LAYER0|  return value|
|grp_fu_4278_p_ce       |  out|    1|  ap_ctrl_hs|  pb_predict_Pipeline_LAYER0|  return value|
|grp_fu_4282_p_din0     |  out|   32|  ap_ctrl_hs|  pb_predict_Pipeline_LAYER0|  return value|
|grp_fu_4282_p_dout0    |   in|   32|  ap_ctrl_hs|  pb_predict_Pipeline_LAYER0|  return value|
|grp_fu_4282_p_ce       |  out|    1|  ap_ctrl_hs|  pb_predict_Pipeline_LAYER0|  return value|
|grp_fu_4285_p_din0     |  out|   32|  ap_ctrl_hs|  pb_predict_Pipeline_LAYER0|  return value|
|grp_fu_4285_p_dout0    |   in|   32|  ap_ctrl_hs|  pb_predict_Pipeline_LAYER0|  return value|
|grp_fu_4285_p_ce       |  out|    1|  ap_ctrl_hs|  pb_predict_Pipeline_LAYER0|  return value|
|grp_fu_4288_p_din0     |  out|   32|  ap_ctrl_hs|  pb_predict_Pipeline_LAYER0|  return value|
|grp_fu_4288_p_dout0    |   in|   32|  ap_ctrl_hs|  pb_predict_Pipeline_LAYER0|  return value|
|grp_fu_4288_p_ce       |  out|    1|  ap_ctrl_hs|  pb_predict_Pipeline_LAYER0|  return value|
|grp_fu_4291_p_din0     |  out|   32|  ap_ctrl_hs|  pb_predict_Pipeline_LAYER0|  return value|
|grp_fu_4291_p_dout0    |   in|   32|  ap_ctrl_hs|  pb_predict_Pipeline_LAYER0|  return value|
|grp_fu_4291_p_ce       |  out|    1|  ap_ctrl_hs|  pb_predict_Pipeline_LAYER0|  return value|
|grp_fu_2067_p_din0     |  out|   32|  ap_ctrl_hs|  pb_predict_Pipeline_LAYER0|  return value|
|grp_fu_2067_p_din1     |  out|   32|  ap_ctrl_hs|  pb_predict_Pipeline_LAYER0|  return value|
|grp_fu_2067_p_opcode   |  out|    5|  ap_ctrl_hs|  pb_predict_Pipeline_LAYER0|  return value|
|grp_fu_2067_p_dout0    |   in|    1|  ap_ctrl_hs|  pb_predict_Pipeline_LAYER0|  return value|
|grp_fu_2067_p_ce       |  out|    1|  ap_ctrl_hs|  pb_predict_Pipeline_LAYER0|  return value|
|grp_fu_2072_p_din0     |  out|   32|  ap_ctrl_hs|  pb_predict_Pipeline_LAYER0|  return value|
|grp_fu_2072_p_din1     |  out|   32|  ap_ctrl_hs|  pb_predict_Pipeline_LAYER0|  return value|
|grp_fu_2072_p_opcode   |  out|    5|  ap_ctrl_hs|  pb_predict_Pipeline_LAYER0|  return value|
|grp_fu_2072_p_dout0    |   in|    1|  ap_ctrl_hs|  pb_predict_Pipeline_LAYER0|  return value|
|grp_fu_2072_p_ce       |  out|    1|  ap_ctrl_hs|  pb_predict_Pipeline_LAYER0|  return value|
|input_scaled_reload    |   in|   32|     ap_none|         input_scaled_reload|        scalar|
|input_scaled_1_reload  |   in|   32|     ap_none|       input_scaled_1_reload|        scalar|
|input_scaled_2_reload  |   in|   32|     ap_none|       input_scaled_2_reload|        scalar|
|input_scaled_3_reload  |   in|   32|     ap_none|       input_scaled_3_reload|        scalar|
|input_scaled_4_reload  |   in|   32|     ap_none|       input_scaled_4_reload|        scalar|
|input_scaled_5_reload  |   in|   32|     ap_none|       input_scaled_5_reload|        scalar|
|h_a_address0           |  out|    5|   ap_memory|                         h_a|         array|
|h_a_ce0                |  out|    1|   ap_memory|                         h_a|         array|
|h_a_we0                |  out|    1|   ap_memory|                         h_a|         array|
|h_a_d0                 |  out|   32|   ap_memory|                         h_a|         array|
|h_a_1_address0         |  out|    5|   ap_memory|                       h_a_1|         array|
|h_a_1_ce0              |  out|    1|   ap_memory|                       h_a_1|         array|
|h_a_1_we0              |  out|    1|   ap_memory|                       h_a_1|         array|
|h_a_1_d0               |  out|   32|   ap_memory|                       h_a_1|         array|
|h_a_2_address0         |  out|    5|   ap_memory|                       h_a_2|         array|
|h_a_2_ce0              |  out|    1|   ap_memory|                       h_a_2|         array|
|h_a_2_we0              |  out|    1|   ap_memory|                       h_a_2|         array|
|h_a_2_d0               |  out|   32|   ap_memory|                       h_a_2|         array|
|h_a_3_address0         |  out|    5|   ap_memory|                       h_a_3|         array|
|h_a_3_ce0              |  out|    1|   ap_memory|                       h_a_3|         array|
|h_a_3_we0              |  out|    1|   ap_memory|                       h_a_3|         array|
|h_a_3_d0               |  out|   32|   ap_memory|                       h_a_3|         array|
|h_a_4_address0         |  out|    5|   ap_memory|                       h_a_4|         array|
|h_a_4_ce0              |  out|    1|   ap_memory|                       h_a_4|         array|
|h_a_4_we0              |  out|    1|   ap_memory|                       h_a_4|         array|
|h_a_4_d0               |  out|   32|   ap_memory|                       h_a_4|         array|
|h_a_5_address0         |  out|    5|   ap_memory|                       h_a_5|         array|
|h_a_5_ce0              |  out|    1|   ap_memory|                       h_a_5|         array|
|h_a_5_we0              |  out|    1|   ap_memory|                       h_a_5|         array|
|h_a_5_d0               |  out|   32|   ap_memory|                       h_a_5|         array|
|h_a_6_address0         |  out|    5|   ap_memory|                       h_a_6|         array|
|h_a_6_ce0              |  out|    1|   ap_memory|                       h_a_6|         array|
|h_a_6_we0              |  out|    1|   ap_memory|                       h_a_6|         array|
|h_a_6_d0               |  out|   32|   ap_memory|                       h_a_6|         array|
|h_a_7_address0         |  out|    5|   ap_memory|                       h_a_7|         array|
|h_a_7_ce0              |  out|    1|   ap_memory|                       h_a_7|         array|
|h_a_7_we0              |  out|    1|   ap_memory|                       h_a_7|         array|
|h_a_7_d0               |  out|   32|   ap_memory|                       h_a_7|         array|
|h_a_8_address0         |  out|    5|   ap_memory|                       h_a_8|         array|
|h_a_8_ce0              |  out|    1|   ap_memory|                       h_a_8|         array|
|h_a_8_we0              |  out|    1|   ap_memory|                       h_a_8|         array|
|h_a_8_d0               |  out|   32|   ap_memory|                       h_a_8|         array|
|h_a_9_address0         |  out|    5|   ap_memory|                       h_a_9|         array|
|h_a_9_ce0              |  out|    1|   ap_memory|                       h_a_9|         array|
|h_a_9_we0              |  out|    1|   ap_memory|                       h_a_9|         array|
|h_a_9_d0               |  out|   32|   ap_memory|                       h_a_9|         array|
|h_a_10_address0        |  out|    5|   ap_memory|                      h_a_10|         array|
|h_a_10_ce0             |  out|    1|   ap_memory|                      h_a_10|         array|
|h_a_10_we0             |  out|    1|   ap_memory|                      h_a_10|         array|
|h_a_10_d0              |  out|   32|   ap_memory|                      h_a_10|         array|
|h_a_11_address0        |  out|    5|   ap_memory|                      h_a_11|         array|
|h_a_11_ce0             |  out|    1|   ap_memory|                      h_a_11|         array|
|h_a_11_we0             |  out|    1|   ap_memory|                      h_a_11|         array|
|h_a_11_d0              |  out|   32|   ap_memory|                      h_a_11|         array|
|h_a_12_address0        |  out|    5|   ap_memory|                      h_a_12|         array|
|h_a_12_ce0             |  out|    1|   ap_memory|                      h_a_12|         array|
|h_a_12_we0             |  out|    1|   ap_memory|                      h_a_12|         array|
|h_a_12_d0              |  out|   32|   ap_memory|                      h_a_12|         array|
|h_a_13_address0        |  out|    5|   ap_memory|                      h_a_13|         array|
|h_a_13_ce0             |  out|    1|   ap_memory|                      h_a_13|         array|
|h_a_13_we0             |  out|    1|   ap_memory|                      h_a_13|         array|
|h_a_13_d0              |  out|   32|   ap_memory|                      h_a_13|         array|
|h_a_14_address0        |  out|    5|   ap_memory|                      h_a_14|         array|
|h_a_14_ce0             |  out|    1|   ap_memory|                      h_a_14|         array|
|h_a_14_we0             |  out|    1|   ap_memory|                      h_a_14|         array|
|h_a_14_d0              |  out|   32|   ap_memory|                      h_a_14|         array|
|h_a_15_address0        |  out|    5|   ap_memory|                      h_a_15|         array|
|h_a_15_ce0             |  out|    1|   ap_memory|                      h_a_15|         array|
|h_a_15_we0             |  out|    1|   ap_memory|                      h_a_15|         array|
|h_a_15_d0              |  out|   32|   ap_memory|                      h_a_15|         array|
+-----------------------+-----+-----+------------+----------------------------+--------------+

