

================================================================
== Vitis HLS Report for 'pb_predict_Pipeline_CLS_H1_MAC'
================================================================
* Date:           Sun Mar 15 15:56:25 2026

* Version:        2022.1 (Build 3526262 on Mon Apr 18 15:48:16 MDT 2022)
* Project:        pickleball_hls
* Solution:       solution1 (Vivado IP Flow Target)
* Product family: zynquplus
* Target device:  xczu3eg-sbva484-1-e


================================================================
== Performance Estimates
================================================================
+ Timing: 
    * Summary: 
    +--------+----------+----------+------------+
    |  Clock |  Target  | Estimated| Uncertainty|
    +--------+----------+----------+------------+
    |ap_clk  |  10.00 ns|  6.675 ns|     2.70 ns|
    +--------+----------+----------+------------+

+ Latency: 
    * Summary: 
    +---------+---------+----------+----------+-----+-----+---------+
    |  Latency (cycles) |  Latency (absolute) |  Interval | Pipeline|
    |   min   |   max   |    min   |    max   | min | max |   Type  |
    +---------+---------+----------+----------+-----+-----+---------+
    |       79|       79|  0.790 us|  0.790 us|   79|   79|       no|
    +---------+---------+----------+----------+-----+-----+---------+

    + Detail: 
        * Instance: 
        N/A

        * Loop: 
        +--------------+---------+---------+----------+-----------+-----------+------+----------+
        |              |  Latency (cycles) | Iteration|  Initiation Interval  | Trip |          |
        |   Loop Name  |   min   |   max   |  Latency |  achieved |   target  | Count| Pipelined|
        +--------------+---------+---------+----------+-----------+-----------+------+----------+
        |- CLS_H1_MAC  |       77|       77|        18|          4|          4|    16|       yes|
        +--------------+---------+---------+----------+-----------+-----------+------+----------+



================================================================
== Utilization Estimates
================================================================
* Summary: 
+-----------------+---------+-----+--------+-------+-----+
|       Name      | BRAM_18K| DSP |   FF   |  LUT  | URAM|
+-----------------+---------+-----+--------+-------+-----+
|DSP              |        -|    -|       -|      -|    -|
|Expression       |        -|    -|       0|     18|    -|
|FIFO             |        -|    -|       -|      -|    -|
|Instance         |        -|    -|       -|      -|    -|
|Memory           |        -|    -|     123|    187|    -|
|Multiplexer      |        -|    -|       -|    915|    -|
|Register         |        -|    -|    2138|     32|    -|
+-----------------+---------+-----+--------+-------+-----+
|Total            |        0|    0|    2261|   1152|    0|
+-----------------+---------+-----+--------+-------+-----+
|Available        |      432|  360|  141120|  70560|    0|
+-----------------+---------+-----+--------+-------+-----+
|Utilization (%)  |        0|    0|       1|      1|    0|
+-----------------+---------+-----+--------+-------+-----+

+ Detail: 
    * Instance: 
    N/A

    * DSP: 
    N/A

    * Memory: 
    +--------------------------------+------------------------------------------------------------------------------+---------+---+----+-----+------+-----+------+-------------+
    |             Memory             |                                    Module                                    | BRAM_18K| FF| LUT| URAM| Words| Bits| Banks| W*Bits*Banks|
    +--------------------------------+------------------------------------------------------------------------------+---------+---+----+-----+------+-----+------+-------------+
    |p_ZL19cls_head_1_weight_q_0_U   |pb_predict_Pipeline_CLS_H1_MAC_p_ZL19cls_head_1_weight_q_0_ROM_1P_LUTRAM_1R   |        0|  8|  12|    0|    96|    8|     1|          768|
    |p_ZL19cls_head_1_weight_q_10_U  |pb_predict_Pipeline_CLS_H1_MAC_p_ZL19cls_head_1_weight_q_10_ROM_1P_LUTRAM_1R  |        0|  8|  12|    0|    96|    8|     1|          768|
    |p_ZL19cls_head_1_weight_q_11_U  |pb_predict_Pipeline_CLS_H1_MAC_p_ZL19cls_head_1_weight_q_11_ROM_1P_LUTRAM_1R  |        0|  7|  11|    0|    96|    7|     1|          672|
    |p_ZL19cls_head_1_weight_q_12_U  |pb_predict_Pipeline_CLS_H1_MAC_p_ZL19cls_head_1_weight_q_12_ROM_1P_LUTRAM_1R  |        0|  7|  11|    0|    96|    7|     1|          672|
    |p_ZL19cls_head_1_weight_q_13_U  |pb_predict_Pipeline_CLS_H1_MAC_p_ZL19cls_head_1_weight_q_13_ROM_1P_LUTRAM_1R  |        0|  8|  12|    0|    96|    8|     1|          768|
    |p_ZL19cls_head_1_weight_q_14_U  |pb_predict_Pipeline_CLS_H1_MAC_p_ZL19cls_head_1_weight_q_14_ROM_1P_LUTRAM_1R  |        0|  7|  11|    0|    96|    7|     1|          672|
    |p_ZL19cls_head_1_weight_q_15_U  |pb_predict_Pipeline_CLS_H1_MAC_p_ZL19cls_head_1_weight_q_15_ROM_1P_LUTRAM_1R  |        0|  8|  12|    0|    96|    8|     1|          768|
    |p_ZL19cls_head_1_weight_q_1_U   |pb_predict_Pipeline_CLS_H1_MAC_p_ZL19cls_head_1_weight_q_1_ROM_1P_LUTRAM_1R   |        0|  8|  12|    0|    96|    8|     1|          768|
    |p_ZL19cls_head_1_weight_q_2_U   |pb_predict_Pipeline_CLS_H1_MAC_p_ZL19cls_head_1_weight_q_2_ROM_1P_LUTRAM_1R   |        0|  8|  12|    0|    96|    8|     1|          768|
    |p_ZL19cls_head_1_weight_q_3_U   |pb_predict_Pipeline_CLS_H1_MAC_p_ZL19cls_head_1_weight_q_3_ROM_1P_LUTRAM_1R   |        0|  8|  12|    0|    96|    8|     1|          768|
    |p_ZL19cls_head_1_weight_q_4_U   |pb_predict_Pipeline_CLS_H1_MAC_p_ZL19cls_head_1_weight_q_4_ROM_1P_LUTRAM_1R   |        0|  8|  12|    0|    96|    8|     1|          768|
    |p_ZL19cls_head_1_weight_q_5_U   |pb_predict_Pipeline_CLS_H1_MAC_p_ZL19cls_head_1_weight_q_5_ROM_1P_LUTRAM_1R   |        0|  8|  12|    0|    96|    8|     1|          768|
    |p_ZL19cls_head_1_weight_q_6_U   |pb_predict_Pipeline_CLS_H1_MAC_p_ZL19cls_head_1_weight_q_6_ROM_1P_LUTRAM_1R   |        0|  7|  11|    0|    96|    7|     1|          672|
    |p_ZL19cls_head_1_weight_q_7_U   |pb_predict_Pipeline_CLS_H1_MAC_p_ZL19cls_head_1_weight_q_7_ROM_1P_LUTRAM_1R   |        0|  8|  12|    0|    96|    8|     1|          768|
    |p_ZL19cls_head_1_weight_q_8_U   |pb_predict_Pipeline_CLS_H1_MAC_p_ZL19cls_head_1_weight_q_8_ROM_1P_LUTRAM_1R   |        0|  7|  11|    0|    96|    7|     1|          672|
    |p_ZL19cls_head_1_weight_q_9_U   |pb_predict_Pipeline_CLS_H1_MAC_p_ZL19cls_head_1_weight_q_9_ROM_1P_LUTRAM_1R   |        0|  8|  12|    0|    96|    8|     1|          768|
    +--------------------------------+------------------------------------------------------------------------------+---------+---+----+-----+------+-----+------+-------------+
    |Total                           |                                                                              |        0|123| 187|    0|  1536|  123|    16|        11808|
    +--------------------------------+------------------------------------------------------------------------------+---------+---+----+-----+------+-----+------+-------------+

    * FIFO: 
    N/A

    * Expression: 
    +---------------------+----------+----+---+----+------------+------------+
    |    Variable Name    | Operation| DSP| FF| LUT| Bitwidth P0| Bitwidth P1|
    +---------------------+----------+----+---+----+------------+------------+
    |add_ln250_fu_930_p2  |         +|   0|  0|  16|           9|           5|
    |ap_enable_pp0        |       xor|   0|  0|   2|           1|           2|
    +---------------------+----------+----+---+----+------------+------------+
    |Total                |          |   0|  0|  18|          10|           7|
    +---------------------+----------+----+---+----+------------+------------+

    * Multiplexer: 
    +----------------------------------+----+-----------+-----+-----------+
    |               Name               | LUT| Input Size| Bits| Total Bits|
    +----------------------------------+----+-----------+-----+-----------+
    |ap_NS_fsm                         |  26|          5|    1|          5|
    |ap_done_int                       |   9|          2|    1|          2|
    |ap_enable_reg_pp0_iter0           |   9|          2|    1|          2|
    |ap_enable_reg_pp0_iter1           |   9|          2|    1|          2|
    |ap_enable_reg_pp0_iter4           |   9|          2|    1|          2|
    |ap_loop_exit_ready_pp0_iter1_reg  |   9|          2|    1|          2|
    |ap_loop_exit_ready_pp0_iter2_reg  |   9|          2|    1|          2|
    |ap_loop_exit_ready_pp0_iter3_reg  |   9|          2|    1|          2|
    |ap_sig_allocacmp_j_3              |   9|          2|    9|         18|
    |ap_sig_allocacmp_s0_load_4        |   9|          2|   32|         64|
    |ap_sig_allocacmp_s10_load_4       |   9|          2|   32|         64|
    |ap_sig_allocacmp_s11_load_3       |   9|          2|   32|         64|
    |ap_sig_allocacmp_s12_load_3       |   9|          2|   32|         64|
    |ap_sig_allocacmp_s13_load_4       |   9|          2|   32|         64|
    |ap_sig_allocacmp_s14_load_4       |   9|          2|   32|         64|
    |ap_sig_allocacmp_s15_load_4       |   9|          2|   32|         64|
    |ap_sig_allocacmp_s1_load_3        |   9|          2|   32|         64|
    |ap_sig_allocacmp_s2_load_3        |   9|          2|   32|         64|
    |ap_sig_allocacmp_s3_load_4        |   9|          2|   32|         64|
    |ap_sig_allocacmp_s4_load_4        |   9|          2|   32|         64|
    |ap_sig_allocacmp_s5_load_4        |   9|          2|   32|         64|
    |ap_sig_allocacmp_s6_load_4        |   9|          2|   32|         64|
    |ap_sig_allocacmp_s7_load_4        |   9|          2|   32|         64|
    |ap_sig_allocacmp_s8_load_4        |   9|          2|   32|         64|
    |ap_sig_allocacmp_s9_load_4        |   9|          2|   32|         64|
    |grp_fu_748_p0                     |  26|          5|   32|        160|
    |grp_fu_748_p1                     |  26|          5|   32|        160|
    |grp_fu_752_p0                     |  26|          5|   32|        160|
    |grp_fu_752_p1                     |  26|          5|   32|        160|
    |grp_fu_756_p0                     |  26|          5|   32|        160|
    |grp_fu_756_p1                     |  26|          5|   32|        160|
    |grp_fu_760_p0                     |  26|          5|   32|        160|
    |grp_fu_760_p1                     |  26|          5|   32|        160|
    |grp_fu_764_p0                     |  26|          5|   32|        160|
    |grp_fu_764_p1                     |  26|          5|   32|        160|
    |grp_fu_768_p0                     |  26|          5|   32|        160|
    |grp_fu_768_p1                     |  26|          5|   32|        160|
    |grp_fu_772_p0                     |  26|          5|   32|        160|
    |grp_fu_772_p1                     |  26|          5|   32|        160|
    |grp_fu_776_p0                     |  26|          5|   32|        160|
    |grp_fu_776_p1                     |  26|          5|   32|        160|
    |grp_fu_784_p0                     |  26|          5|   32|        160|
    |grp_fu_787_p0                     |  26|          5|   32|        160|
    |grp_fu_790_p0                     |  26|          5|   32|        160|
    |grp_fu_793_p0                     |  26|          5|   32|        160|
    |j_fu_210                          |   9|          2|    9|         18|
    |s0_fu_206                         |   9|          2|   32|         64|
    |s10_fu_166                        |   9|          2|   32|         64|
    |s11_fu_162                        |   9|          2|   32|         64|
    |s12_fu_158                        |   9|          2|   32|         64|
    |s13_fu_154                        |   9|          2|   32|         64|
    |s14_fu_150                        |   9|          2|   32|         64|
    |s15_fu_146                        |   9|          2|   32|         64|
    |s1_fu_202                         |   9|          2|   32|         64|
    |s2_fu_198                         |   9|          2|   32|         64|
    |s3_fu_194                         |   9|          2|   32|         64|
    |s4_fu_190                         |   9|          2|   32|         64|
    |s5_fu_186                         |   9|          2|   32|         64|
    |s6_fu_182                         |   9|          2|   32|         64|
    |s7_fu_178                         |   9|          2|   32|         64|
    |s8_fu_174                         |   9|          2|   32|         64|
    |s9_fu_170                         |   9|          2|   32|         64|
    +----------------------------------+----+-----------+-----+-----------+
    |Total                             | 915|        187| 1690|       5303|
    +----------------------------------+----+-----------+-----+-----------+

    * Register: 
    +--------------------------------------------+----+----+-----+-----------+
    |                    Name                    | FF | LUT| Bits| Const Bits|
    +--------------------------------------------+----+----+-----+-----------+
    |ap_CS_fsm                                   |   4|   0|    4|          0|
    |ap_done_reg                                 |   1|   0|    1|          0|
    |ap_enable_reg_pp0_iter0_reg                 |   1|   0|    1|          0|
    |ap_enable_reg_pp0_iter1                     |   1|   0|    1|          0|
    |ap_enable_reg_pp0_iter2                     |   1|   0|    1|          0|
    |ap_enable_reg_pp0_iter3                     |   1|   0|    1|          0|
    |ap_enable_reg_pp0_iter4                     |   1|   0|    1|          0|
    |ap_loop_exit_ready_pp0_iter1_reg            |   1|   0|    1|          0|
    |ap_loop_exit_ready_pp0_iter2_reg            |   1|   0|    1|          0|
    |ap_loop_exit_ready_pp0_iter3_reg            |   1|   0|    1|          0|
    |conv31_reg_1670                             |  32|   0|   32|          0|
    |conv32_reg_1680                             |  32|   0|   32|          0|
    |conv33_reg_1690                             |  32|   0|   32|          0|
    |conv34_reg_1760                             |  32|   0|   32|          0|
    |conv35_reg_1765                             |  32|   0|   32|          0|
    |conv36_reg_1770                             |  32|   0|   32|          0|
    |conv37_reg_1775                             |  32|   0|   32|          0|
    |conv38_reg_1780                             |  32|   0|   32|          0|
    |conv39_reg_1785                             |  32|   0|   32|          0|
    |conv40_reg_1790                             |  32|   0|   32|          0|
    |conv41_reg_1795                             |  32|   0|   32|          0|
    |conv42_reg_1800                             |  32|   0|   32|          0|
    |conv43_reg_1810                             |  32|   0|   32|          0|
    |conv44_reg_1820                             |  32|   0|   32|          0|
    |conv45_reg_1830                             |  32|   0|   32|          0|
    |conv_reg_1660                               |  32|   0|   32|          0|
    |head_buf_10_load_reg_1730                   |  32|   0|   32|          0|
    |head_buf_11_load_reg_1735                   |  32|   0|   32|          0|
    |head_buf_1_load_reg_1675                    |  32|   0|   32|          0|
    |head_buf_2_load_reg_1685                    |  32|   0|   32|          0|
    |head_buf_3_load_reg_1695                    |  32|   0|   32|          0|
    |head_buf_4_load_reg_1700                    |  32|   0|   32|          0|
    |head_buf_5_load_reg_1705                    |  32|   0|   32|          0|
    |head_buf_6_load_reg_1710                    |  32|   0|   32|          0|
    |head_buf_7_load_reg_1715                    |  32|   0|   32|          0|
    |head_buf_8_load_reg_1720                    |  32|   0|   32|          0|
    |head_buf_9_load_reg_1725                    |  32|   0|   32|          0|
    |head_buf_load_reg_1665                      |  32|   0|   32|          0|
    |j_fu_210                                    |   9|   0|    9|          0|
    |lshr_ln8_reg_1367                           |   4|   0|    4|          0|
    |mul31_reg_1845                              |  32|   0|   32|          0|
    |mul32_reg_1850                              |  32|   0|   32|          0|
    |mul33_reg_1855                              |  32|   0|   32|          0|
    |mul34_reg_1900                              |  32|   0|   32|          0|
    |mul35_reg_1905                              |  32|   0|   32|          0|
    |mul36_reg_1910                              |  32|   0|   32|          0|
    |mul37_reg_1915                              |  32|   0|   32|          0|
    |mul38_reg_1940                              |  32|   0|   32|          0|
    |mul39_reg_1945                              |  32|   0|   32|          0|
    |mul40_reg_1950                              |  32|   0|   32|          0|
    |mul41_reg_1955                              |  32|   0|   32|          0|
    |mul42_reg_1980                              |  32|   0|   32|          0|
    |mul43_reg_1985                              |  32|   0|   32|          0|
    |mul44_reg_1990                              |  32|   0|   32|          0|
    |mul45_reg_1995                              |  32|   0|   32|          0|
    |mul_reg_1840                                |  32|   0|   32|          0|
    |p_ZL19cls_head_1_weight_q_0_load_reg_1452   |   8|   0|    8|          0|
    |p_ZL19cls_head_1_weight_q_10_load_reg_1502  |   8|   0|    8|          0|
    |p_ZL19cls_head_1_weight_q_11_load_reg_1507  |   7|   0|    7|          0|
    |p_ZL19cls_head_1_weight_q_12_load_reg_1512  |   7|   0|    7|          0|
    |p_ZL19cls_head_1_weight_q_13_load_reg_1517  |   8|   0|    8|          0|
    |p_ZL19cls_head_1_weight_q_14_load_reg_1522  |   7|   0|    7|          0|
    |p_ZL19cls_head_1_weight_q_15_load_reg_1527  |   8|   0|    8|          0|
    |p_ZL19cls_head_1_weight_q_1_load_reg_1457   |   8|   0|    8|          0|
    |p_ZL19cls_head_1_weight_q_2_load_reg_1462   |   8|   0|    8|          0|
    |p_ZL19cls_head_1_weight_q_3_load_reg_1467   |   8|   0|    8|          0|
    |p_ZL19cls_head_1_weight_q_4_load_reg_1472   |   8|   0|    8|          0|
    |p_ZL19cls_head_1_weight_q_5_load_reg_1477   |   8|   0|    8|          0|
    |p_ZL19cls_head_1_weight_q_6_load_reg_1482   |   7|   0|    7|          0|
    |p_ZL19cls_head_1_weight_q_7_load_reg_1487   |   8|   0|    8|          0|
    |p_ZL19cls_head_1_weight_q_8_load_reg_1492   |   7|   0|    7|          0|
    |p_ZL19cls_head_1_weight_q_9_load_reg_1497   |   8|   0|    8|          0|
    |s0_fu_206                                   |  32|   0|   32|          0|
    |s10_fu_166                                  |  32|   0|   32|          0|
    |s11_fu_162                                  |  32|   0|   32|          0|
    |s12_fu_158                                  |  32|   0|   32|          0|
    |s13_fu_154                                  |  32|   0|   32|          0|
    |s14_fu_150                                  |  32|   0|   32|          0|
    |s15_fu_146                                  |  32|   0|   32|          0|
    |s1_fu_202                                   |  32|   0|   32|          0|
    |s2_fu_198                                   |  32|   0|   32|          0|
    |s3_fu_194                                   |  32|   0|   32|          0|
    |s4_fu_190                                   |  32|   0|   32|          0|
    |s5_fu_186                                   |  32|   0|   32|          0|
    |s6_fu_182                                   |  32|   0|   32|          0|
    |s7_fu_178                                   |  32|   0|   32|          0|
    |s8_fu_174                                   |  32|   0|   32|          0|
    |s9_fu_170                                   |  32|   0|   32|          0|
    |tmp_reg_1363                                |   1|   0|    1|          0|
    |zext_ln252_reg_1572                         |   4|   0|   64|         60|
    |tmp_reg_1363                                |  64|  32|    1|          0|
    +--------------------------------------------+----+----+-----+-----------+
    |Total                                       |2138|  32| 2135|         60|
    +--------------------------------------------+----+----+-----+-----------+



================================================================
== Interface
================================================================
* Summary: 
+----------------------+-----+-----+------------+--------------------------------+--------------+
|       RTL Ports      | Dir | Bits|  Protocol  |          Source Object         |    C Type    |
+----------------------+-----+-----+------------+--------------------------------+--------------+
|ap_clk                |   in|    1|  ap_ctrl_hs|  pb_predict_Pipeline_CLS_H1_MAC|  return value|
|ap_rst                |   in|    1|  ap_ctrl_hs|  pb_predict_Pipeline_CLS_H1_MAC|  return value|
|ap_start              |   in|    1|  ap_ctrl_hs|  pb_predict_Pipeline_CLS_H1_MAC|  return value|
|ap_done               |  out|    1|  ap_ctrl_hs|  pb_predict_Pipeline_CLS_H1_MAC|  return value|
|ap_idle               |  out|    1|  ap_ctrl_hs|  pb_predict_Pipeline_CLS_H1_MAC|  return value|
|ap_ready              |  out|    1|  ap_ctrl_hs|  pb_predict_Pipeline_CLS_H1_MAC|  return value|
|grp_fu_2052_p_din0    |  out|   32|  ap_ctrl_hs|  pb_predict_Pipeline_CLS_H1_MAC|  return value|
|grp_fu_2052_p_din1    |  out|   32|  ap_ctrl_hs|  pb_predict_Pipeline_CLS_H1_MAC|  return value|
|grp_fu_2052_p_opcode  |  out|    1|  ap_ctrl_hs|  pb_predict_Pipeline_CLS_H1_MAC|  return value|
|grp_fu_2052_p_dout0   |   in|   32|  ap_ctrl_hs|  pb_predict_Pipeline_CLS_H1_MAC|  return value|
|grp_fu_2052_p_ce      |  out|    1|  ap_ctrl_hs|  pb_predict_Pipeline_CLS_H1_MAC|  return value|
|grp_fu_4258_p_din0    |  out|   32|  ap_ctrl_hs|  pb_predict_Pipeline_CLS_H1_MAC|  return value|
|grp_fu_4258_p_din1    |  out|   32|  ap_ctrl_hs|  pb_predict_Pipeline_CLS_H1_MAC|  return value|
|grp_fu_4258_p_opcode  |  out|    2|  ap_ctrl_hs|  pb_predict_Pipeline_CLS_H1_MAC|  return value|
|grp_fu_4258_p_dout0   |   in|   32|  ap_ctrl_hs|  pb_predict_Pipeline_CLS_H1_MAC|  return value|
|grp_fu_4258_p_ce      |  out|    1|  ap_ctrl_hs|  pb_predict_Pipeline_CLS_H1_MAC|  return value|
|grp_fu_4262_p_din0    |  out|   32|  ap_ctrl_hs|  pb_predict_Pipeline_CLS_H1_MAC|  return value|
|grp_fu_4262_p_din1    |  out|   32|  ap_ctrl_hs|  pb_predict_Pipeline_CLS_H1_MAC|  return value|
|grp_fu_4262_p_opcode  |  out|    2|  ap_ctrl_hs|  pb_predict_Pipeline_CLS_H1_MAC|  return value|
|grp_fu_4262_p_dout0   |   in|   32|  ap_ctrl_hs|  pb_predict_Pipeline_CLS_H1_MAC|  return value|
|grp_fu_4262_p_ce      |  out|    1|  ap_ctrl_hs|  pb_predict_Pipeline_CLS_H1_MAC|  return value|
|grp_fu_4266_p_din0    |  out|   32|  ap_ctrl_hs|  pb_predict_Pipeline_CLS_H1_MAC|  return value|
|grp_fu_4266_p_din1    |  out|   32|  ap_ctrl_hs|  pb_predict_Pipeline_CLS_H1_MAC|  return value|
|grp_fu_4266_p_opcode  |  out|    2|  ap_ctrl_hs|  pb_predict_Pipeline_CLS_H1_MAC|  return value|
|grp_fu_4266_p_dout0   |   in|   32|  ap_ctrl_hs|  pb_predict_Pipeline_CLS_H1_MAC|  return value|
|grp_fu_4266_p_ce      |  out|    1|  ap_ctrl_hs|  pb_predict_Pipeline_CLS_H1_MAC|  return value|
|grp_fu_2057_p_din0    |  out|   32|  ap_ctrl_hs|  pb_predict_Pipeline_CLS_H1_MAC|  return value|
|grp_fu_2057_p_din1    |  out|   32|  ap_ctrl_hs|  pb_predict_Pipeline_CLS_H1_MAC|  return value|
|grp_fu_2057_p_dout0   |   in|   32|  ap_ctrl_hs|  pb_predict_Pipeline_CLS_H1_MAC|  return value|
|grp_fu_2057_p_ce      |  out|    1|  ap_ctrl_hs|  pb_predict_Pipeline_CLS_H1_MAC|  return value|
|grp_fu_4270_p_din0    |  out|   32|  ap_ctrl_hs|  pb_predict_Pipeline_CLS_H1_MAC|  return value|
|grp_fu_4270_p_din1    |  out|   32|  ap_ctrl_hs|  pb_predict_Pipeline_CLS_H1_MAC|  return value|
|grp_fu_4270_p_dout0   |   in|   32|  ap_ctrl_hs|  pb_predict_Pipeline_CLS_H1_MAC|  return value|
|grp_fu_4270_p_ce      |  out|    1|  ap_ctrl_hs|  pb_predict_Pipeline_CLS_H1_MAC|  return value|
|grp_fu_4274_p_din0    |  out|   32|  ap_ctrl_hs|  pb_predict_Pipeline_CLS_H1_MAC|  return value|
|grp_fu_4274_p_din1    |  out|   32|  ap_ctrl_hs|  pb_predict_Pipeline_CLS_H1_MAC|  return value|
|grp_fu_4274_p_dout0   |   in|   32|  ap_ctrl_hs|  pb_predict_Pipeline_CLS_H1_MAC|  return value|
|grp_fu_4274_p_ce      |  out|    1|  ap_ctrl_hs|  pb_predict_Pipeline_CLS_H1_MAC|  return value|
|grp_fu_4278_p_din0    |  out|   32|  ap_ctrl_hs|  pb_predict_Pipeline_CLS_H1_MAC|  return value|
|grp_fu_4278_p_din1    |  out|   32|  ap_ctrl_hs|  pb_predict_Pipeline_CLS_H1_MAC|  return value|
|grp_fu_4278_p_dout0   |   in|   32|  ap_ctrl_hs|  pb_predict_Pipeline_CLS_H1_MAC|  return value|
|grp_fu_4278_p_ce      |  out|    1|  ap_ctrl_hs|  pb_predict_Pipeline_CLS_H1_MAC|  return value|
|grp_fu_4282_p_din0    |  out|   32|  ap_ctrl_hs|  pb_predict_Pipeline_CLS_H1_MAC|  return value|
|grp_fu_4282_p_dout0   |   in|   32|  ap_ctrl_hs|  pb_predict_Pipeline_CLS_H1_MAC|  return value|
|grp_fu_4282_p_ce      |  out|    1|  ap_ctrl_hs|  pb_predict_Pipeline_CLS_H1_MAC|  return value|
|grp_fu_4285_p_din0    |  out|   32|  ap_ctrl_hs|  pb_predict_Pipeline_CLS_H1_MAC|  return value|
|grp_fu_4285_p_dout0   |   in|   32|  ap_ctrl_hs|  pb_predict_Pipeline_CLS_H1_MAC|  return value|
|grp_fu_4285_p_ce      |  out|    1|  ap_ctrl_hs|  pb_predict_Pipeline_CLS_H1_MAC|  return value|
|grp_fu_4288_p_din0    |  out|   32|  ap_ctrl_hs|  pb_predict_Pipeline_CLS_H1_MAC|  return value|
|grp_fu_4288_p_dout0   |   in|   32|  ap_ctrl_hs|  pb_predict_Pipeline_CLS_H1_MAC|  return value|
|grp_fu_4288_p_ce      |  out|    1|  ap_ctrl_hs|  pb_predict_Pipeline_CLS_H1_MAC|  return value|
|grp_fu_4291_p_din0    |  out|   32|  ap_ctrl_hs|  pb_predict_Pipeline_CLS_H1_MAC|  return value|
|grp_fu_4291_p_dout0   |   in|   32|  ap_ctrl_hs|  pb_predict_Pipeline_CLS_H1_MAC|  return value|
|grp_fu_4291_p_ce      |  out|    1|  ap_ctrl_hs|  pb_predict_Pipeline_CLS_H1_MAC|  return value|
|i_7                   |   in|    3|     ap_none|                             i_7|        scalar|
|head_buf_address0     |  out|    4|   ap_memory|                        head_buf|         array|
|head_buf_ce0          |  out|    1|   ap_memory|                        head_buf|         array|
|head_buf_q0           |   in|   32|   ap_memory|                        head_buf|         array|
|head_buf_1_address0   |  out|    4|   ap_memory|                      head_buf_1|         array|
|head_buf_1_ce0        |  out|    1|   ap_memory|                      head_buf_1|         array|
|head_buf_1_q0         |   in|   32|   ap_memory|                      head_buf_1|         array|
|head_buf_2_address0   |  out|    4|   ap_memory|                      head_buf_2|         array|
|head_buf_2_ce0        |  out|    1|   ap_memory|                      head_buf_2|         array|
|head_buf_2_q0         |   in|   32|   ap_memory|                      head_buf_2|         array|
|head_buf_3_address0   |  out|    4|   ap_memory|                      head_buf_3|         array|
|head_buf_3_ce0        |  out|    1|   ap_memory|                      head_buf_3|         array|
|head_buf_3_q0         |   in|   32|   ap_memory|                      head_buf_3|         array|
|head_buf_4_address0   |  out|    4|   ap_memory|                      head_buf_4|         array|
|head_buf_4_ce0        |  out|    1|   ap_memory|                      head_buf_4|         array|
|head_buf_4_q0         |   in|   32|   ap_memory|                      head_buf_4|         array|
|head_buf_5_address0   |  out|    4|   ap_memory|                      head_buf_5|         array|
|head_buf_5_ce0        |  out|    1|   ap_memory|                      head_buf_5|         array|
|head_buf_5_q0         |   in|   32|   ap_memory|                      head_buf_5|         array|
|head_buf_6_address0   |  out|    4|   ap_memory|                      head_buf_6|         array|
|head_buf_6_ce0        |  out|    1|   ap_memory|                      head_buf_6|         array|
|head_buf_6_q0         |   in|   32|   ap_memory|                      head_buf_6|         array|
|head_buf_7_address0   |  out|    4|   ap_memory|                      head_buf_7|         array|
|head_buf_7_ce0        |  out|    1|   ap_memory|                      head_buf_7|         array|
|head_buf_7_q0         |   in|   32|   ap_memory|                      head_buf_7|         array|
|head_buf_8_address0   |  out|    4|   ap_memory|                      head_buf_8|         array|
|head_buf_8_ce0        |  out|    1|   ap_memory|                      head_buf_8|         array|
|head_buf_8_q0         |   in|   32|   ap_memory|                      head_buf_8|         array|
|head_buf_9_address0   |  out|    4|   ap_memory|                      head_buf_9|         array|
|head_buf_9_ce0        |  out|    1|   ap_memory|                      head_buf_9|         array|
|head_buf_9_q0         |   in|   32|   ap_memory|                      head_buf_9|         array|
|head_buf_10_address0  |  out|    4|   ap_memory|                     head_buf_10|         array|
|head_buf_10_ce0       |  out|    1|   ap_memory|                     head_buf_10|         array|
|head_buf_10_q0        |   in|   32|   ap_memory|                     head_buf_10|         array|
|head_buf_11_address0  |  out|    4|   ap_memory|                     head_buf_11|         array|
|head_buf_11_ce0       |  out|    1|   ap_memory|                     head_buf_11|         array|
|head_buf_11_q0        |   in|   32|   ap_memory|                     head_buf_11|         array|
|head_buf_12_address0  |  out|    4|   ap_memory|                     head_buf_12|         array|
|head_buf_12_ce0       |  out|    1|   ap_memory|                     head_buf_12|         array|
|head_buf_12_q0        |   in|   32|   ap_memory|                     head_buf_12|         array|
|head_buf_13_address0  |  out|    4|   ap_memory|                     head_buf_13|         array|
|head_buf_13_ce0       |  out|    1|   ap_memory|                     head_buf_13|         array|
|head_buf_13_q0        |   in|   32|   ap_memory|                     head_buf_13|         array|
|head_buf_14_address0  |  out|    4|   ap_memory|                     head_buf_14|         array|
|head_buf_14_ce0       |  out|    1|   ap_memory|                     head_buf_14|         array|
|head_buf_14_q0        |   in|   32|   ap_memory|                     head_buf_14|         array|
|head_buf_15_address0  |  out|    4|   ap_memory|                     head_buf_15|         array|
|head_buf_15_ce0       |  out|    1|   ap_memory|                     head_buf_15|         array|
|head_buf_15_q0        |   in|   32|   ap_memory|                     head_buf_15|         array|
|s0_8_out              |  out|   32|      ap_vld|                        s0_8_out|       pointer|
|s0_8_out_ap_vld       |  out|    1|      ap_vld|                        s0_8_out|       pointer|
|s1_8_out              |  out|   32|      ap_vld|                        s1_8_out|       pointer|
|s1_8_out_ap_vld       |  out|    1|      ap_vld|                        s1_8_out|       pointer|
|s2_8_out              |  out|   32|      ap_vld|                        s2_8_out|       pointer|
|s2_8_out_ap_vld       |  out|    1|      ap_vld|                        s2_8_out|       pointer|
|s3_8_out              |  out|   32|      ap_vld|                        s3_8_out|       pointer|
|s3_8_out_ap_vld       |  out|    1|      ap_vld|                        s3_8_out|       pointer|
|s4_8_out              |  out|   32|      ap_vld|                        s4_8_out|       pointer|
|s4_8_out_ap_vld       |  out|    1|      ap_vld|                        s4_8_out|       pointer|
|s5_8_out              |  out|   32|      ap_vld|                        s5_8_out|       pointer|
|s5_8_out_ap_vld       |  out|    1|      ap_vld|                        s5_8_out|       pointer|
|s6_8_out              |  out|   32|      ap_vld|                        s6_8_out|       pointer|
|s6_8_out_ap_vld       |  out|    1|      ap_vld|                        s6_8_out|       pointer|
|s7_8_out              |  out|   32|      ap_vld|                        s7_8_out|       pointer|
|s7_8_out_ap_vld       |  out|    1|      ap_vld|                        s7_8_out|       pointer|
|s8_8_out              |  out|   32|      ap_vld|                        s8_8_out|       pointer|
|s8_8_out_ap_vld       |  out|    1|      ap_vld|                        s8_8_out|       pointer|
|s9_8_out              |  out|   32|      ap_vld|                        s9_8_out|       pointer|
|s9_8_out_ap_vld       |  out|    1|      ap_vld|                        s9_8_out|       pointer|
|s10_8_out             |  out|   32|      ap_vld|                       s10_8_out|       pointer|
|s10_8_out_ap_vld      |  out|    1|      ap_vld|                       s10_8_out|       pointer|
|s11_8_out             |  out|   32|      ap_vld|                       s11_8_out|       pointer|
|s11_8_out_ap_vld      |  out|    1|      ap_vld|                       s11_8_out|       pointer|
|s12_8_out             |  out|   32|      ap_vld|                       s12_8_out|       pointer|
|s12_8_out_ap_vld      |  out|    1|      ap_vld|                       s12_8_out|       pointer|
|s13_8_out             |  out|   32|      ap_vld|                       s13_8_out|       pointer|
|s13_8_out_ap_vld      |  out|    1|      ap_vld|                       s13_8_out|       pointer|
|s14_8_out             |  out|   32|      ap_vld|                       s14_8_out|       pointer|
|s14_8_out_ap_vld      |  out|    1|      ap_vld|                       s14_8_out|       pointer|
|s15_8_out             |  out|   32|      ap_vld|                       s15_8_out|       pointer|
|s15_8_out_ap_vld      |  out|    1|      ap_vld|                       s15_8_out|       pointer|
+----------------------+-----+-----+------------+--------------------------------+--------------+

