

================================================================
== Vitis HLS Report for 'pb_predict_Pipeline_L1_MAC'
================================================================
* Date:           Sun Mar 15 15:56:21 2026

* Version:        2022.1 (Build 3526262 on Mon Apr 18 15:48:16 MDT 2022)
* Project:        pickleball_hls
* Solution:       solution1 (Vivado IP Flow Target)
* Product family: zynquplus
* Target device:  xczu3eg-sbva484-1-e


================================================================
== Performance Estimates
================================================================
+ Timing: 
    * Summary: 
    +--------+----------+----------+------------+
    |  Clock |  Target  | Estimated| Uncertainty|
    +--------+----------+----------+------------+
    |ap_clk  |  10.00 ns|  6.675 ns|     2.70 ns|
    +--------+----------+----------+------------+

+ Latency: 
    * Summary: 
    +---------+---------+----------+----------+-----+-----+---------+
    |  Latency (cycles) |  Latency (absolute) |  Interval | Pipeline|
    |   min   |   max   |    min   |    max   | min | max |   Type  |
    +---------+---------+----------+----------+-----+-----+---------+
    |      143|      143|  1.430 us|  1.430 us|  143|  143|       no|
    +---------+---------+----------+----------+-----+-----+---------+

    + Detail: 
        * Instance: 
        N/A

        * Loop: 
        +----------+---------+---------+----------+-----------+-----------+------+----------+
        |          |  Latency (cycles) | Iteration|  Initiation Interval  | Trip |          |
        | Loop Name|   min   |   max   |  Latency |  achieved |   target  | Count| Pipelined|
        +----------+---------+---------+----------+-----------+-----------+------+----------+
        |- L1_MAC  |      141|      141|        18|          4|          4|    32|       yes|
        +----------+---------+---------+----------+-----------+-----------+------+----------+



================================================================
== Utilization Estimates
================================================================
* Summary: 
+-----------------+---------+-----+--------+-------+-----+
|       Name      | BRAM_18K| DSP |   FF   |  LUT  | URAM|
+-----------------+---------+-----+--------+-------+-----+
|DSP              |        -|    -|       -|      -|    -|
|Expression       |        -|    -|       0|     19|    -|
|FIFO             |        -|    -|       -|      -|    -|
|Instance         |        -|    -|       -|      -|    -|
|Memory           |      128|    -|       0|      0|    -|
|Multiplexer      |        -|    -|       -|    915|    -|
|Register         |        -|    -|    2146|     32|    -|
+-----------------+---------+-----+--------+-------+-----+
|Total            |      128|    0|    2146|    966|    0|
+-----------------+---------+-----+--------+-------+-----+
|Available        |      432|  360|  141120|  70560|    0|
+-----------------+---------+-----+--------+-------+-----+
|Utilization (%)  |       29|    0|       1|      1|    0|
+-----------------+---------+-----+--------+-------+-----+

+ Detail: 
    * Instance: 
    N/A

    * DSP: 
    N/A

    * Memory: 
    +-----------------------------+---------------------------------------------------------------------+---------+---+----+-----+-------+-----+------+-------------+
    |            Memory           |                                Module                               | BRAM_18K| FF| LUT| URAM| Words | Bits| Banks| W*Bits*Banks|
    +-----------------------------+---------------------------------------------------------------------+---------+---+----+-----+-------+-----+------+-------------+
    |p_ZL16trunk_1_weight_q_0_U   |pb_predict_Pipeline_L1_MAC_p_ZL16trunk_1_weight_q_0_ROM_2P_BRAM_1R   |        8|  0|   0|    0|  16384|    8|     1|       131072|
    |p_ZL16trunk_1_weight_q_10_U  |pb_predict_Pipeline_L1_MAC_p_ZL16trunk_1_weight_q_10_ROM_2P_BRAM_1R  |        8|  0|   0|    0|  16384|    8|     1|       131072|
    |p_ZL16trunk_1_weight_q_11_U  |pb_predict_Pipeline_L1_MAC_p_ZL16trunk_1_weight_q_11_ROM_2P_BRAM_1R  |        8|  0|   0|    0|  16384|    8|     1|       131072|
    |p_ZL16trunk_1_weight_q_12_U  |pb_predict_Pipeline_L1_MAC_p_ZL16trunk_1_weight_q_12_ROM_2P_BRAM_1R  |        8|  0|   0|    0|  16384|    8|     1|       131072|
    |p_ZL16trunk_1_weight_q_13_U  |pb_predict_Pipeline_L1_MAC_p_ZL16trunk_1_weight_q_13_ROM_2P_BRAM_1R  |        8|  0|   0|    0|  16384|    8|     1|       131072|
    |p_ZL16trunk_1_weight_q_14_U  |pb_predict_Pipeline_L1_MAC_p_ZL16trunk_1_weight_q_14_ROM_2P_BRAM_1R  |        8|  0|   0|    0|  16384|    8|     1|       131072|
    |p_ZL16trunk_1_weight_q_15_U  |pb_predict_Pipeline_L1_MAC_p_ZL16trunk_1_weight_q_15_ROM_2P_BRAM_1R  |        8|  0|   0|    0|  16384|    8|     1|       131072|
    |p_ZL16trunk_1_weight_q_1_U   |pb_predict_Pipeline_L1_MAC_p_ZL16trunk_1_weight_q_1_ROM_2P_BRAM_1R   |        8|  0|   0|    0|  16384|    8|     1|       131072|
    |p_ZL16trunk_1_weight_q_2_U   |pb_predict_Pipeline_L1_MAC_p_ZL16trunk_1_weight_q_2_ROM_2P_BRAM_1R   |        8|  0|   0|    0|  16384|    8|     1|       131072|
    |p_ZL16trunk_1_weight_q_3_U   |pb_predict_Pipeline_L1_MAC_p_ZL16trunk_1_weight_q_3_ROM_2P_BRAM_1R   |        8|  0|   0|    0|  16384|    8|     1|       131072|
    |p_ZL16trunk_1_weight_q_4_U   |pb_predict_Pipeline_L1_MAC_p_ZL16trunk_1_weight_q_4_ROM_2P_BRAM_1R   |        8|  0|   0|    0|  16384|    8|     1|       131072|
    |p_ZL16trunk_1_weight_q_5_U   |pb_predict_Pipeline_L1_MAC_p_ZL16trunk_1_weight_q_5_ROM_2P_BRAM_1R   |        8|  0|   0|    0|  16384|    8|     1|       131072|
    |p_ZL16trunk_1_weight_q_6_U   |pb_predict_Pipeline_L1_MAC_p_ZL16trunk_1_weight_q_6_ROM_2P_BRAM_1R   |        8|  0|   0|    0|  16384|    8|     1|       131072|
    |p_ZL16trunk_1_weight_q_7_U   |pb_predict_Pipeline_L1_MAC_p_ZL16trunk_1_weight_q_7_ROM_2P_BRAM_1R   |        8|  0|   0|    0|  16384|    8|     1|       131072|
    |p_ZL16trunk_1_weight_q_8_U   |pb_predict_Pipeline_L1_MAC_p_ZL16trunk_1_weight_q_8_ROM_2P_BRAM_1R   |        8|  0|   0|    0|  16384|    8|     1|       131072|
    |p_ZL16trunk_1_weight_q_9_U   |pb_predict_Pipeline_L1_MAC_p_ZL16trunk_1_weight_q_9_ROM_2P_BRAM_1R   |        8|  0|   0|    0|  16384|    8|     1|       131072|
    +-----------------------------+---------------------------------------------------------------------+---------+---+----+-----+-------+-----+------+-------------+
    |Total                        |                                                                     |      128|  0|   0|    0| 262144|  128|    16|      2097152|
    +-----------------------------+---------------------------------------------------------------------+---------+---+----+-----+-------+-----+------+-------------+

    * FIFO: 
    N/A

    * Expression: 
    +---------------------+----------+----+---+----+------------+------------+
    |    Variable Name    | Operation| DSP| FF| LUT| Bitwidth P0| Bitwidth P1|
    +---------------------+----------+----+---+----+------------+------------+
    |add_ln133_fu_930_p2  |         +|   0|  0|  17|          10|           5|
    |ap_enable_pp0        |       xor|   0|  0|   2|           1|           2|
    +---------------------+----------+----+---+----+------------+------------+
    |Total                |          |   0|  0|  19|          11|           7|
    +---------------------+----------+----+---+----+------------+------------+

    * Multiplexer: 
    +----------------------------------+----+-----------+-----+-----------+
    |               Name               | LUT| Input Size| Bits| Total Bits|
    +----------------------------------+----+-----------+-----+-----------+
    |ap_NS_fsm                         |  26|          5|    1|          5|
    |ap_done_int                       |   9|          2|    1|          2|
    |ap_enable_reg_pp0_iter0           |   9|          2|    1|          2|
    |ap_enable_reg_pp0_iter1           |   9|          2|    1|          2|
    |ap_enable_reg_pp0_iter4           |   9|          2|    1|          2|
    |ap_loop_exit_ready_pp0_iter1_reg  |   9|          2|    1|          2|
    |ap_loop_exit_ready_pp0_iter2_reg  |   9|          2|    1|          2|
    |ap_loop_exit_ready_pp0_iter3_reg  |   9|          2|    1|          2|
    |ap_sig_allocacmp_j_2              |   9|          2|   10|         20|
    |ap_sig_allocacmp_s0_load          |   9|          2|   32|         64|
    |ap_sig_allocacmp_s10_load         |   9|          2|   32|         64|
    |ap_sig_allocacmp_s11_load         |   9|          2|   32|         64|
    |ap_sig_allocacmp_s12_load         |   9|          2|   32|         64|
    |ap_sig_allocacmp_s13_load         |   9|          2|   32|         64|
    |ap_sig_allocacmp_s14_load         |   9|          2|   32|         64|
    |ap_sig_allocacmp_s15_load         |   9|          2|   32|         64|
    |ap_sig_allocacmp_s1_load          |   9|          2|   32|         64|
    |ap_sig_allocacmp_s2_load          |   9|          2|   32|         64|
    |ap_sig_allocacmp_s3_load          |   9|          2|   32|         64|
    |ap_sig_allocacmp_s4_load          |   9|          2|   32|         64|
    |ap_sig_allocacmp_s5_load          |   9|          2|   32|         64|
    |ap_sig_allocacmp_s6_load          |   9|          2|   32|         64|
    |ap_sig_allocacmp_s7_load          |   9|          2|   32|         64|
    |ap_sig_allocacmp_s8_load          |   9|          2|   32|         64|
    |ap_sig_allocacmp_s9_load          |   9|          2|   32|         64|
    |grp_fu_748_p0                     |  26|          5|   32|        160|
    |grp_fu_748_p1                     |  26|          5|   32|        160|
    |grp_fu_752_p0                     |  26|          5|   32|        160|
    |grp_fu_752_p1                     |  26|          5|   32|        160|
    |grp_fu_756_p0                     |  26|          5|   32|        160|
    |grp_fu_756_p1                     |  26|          5|   32|        160|
    |grp_fu_760_p0                     |  26|          5|   32|        160|
    |grp_fu_760_p1                     |  26|          5|   32|        160|
    |grp_fu_764_p0                     |  26|          5|   32|        160|
    |grp_fu_764_p1                     |  26|          5|   32|        160|
    |grp_fu_768_p0                     |  26|          5|   32|        160|
    |grp_fu_768_p1                     |  26|          5|   32|        160|
    |grp_fu_772_p0                     |  26|          5|   32|        160|
    |grp_fu_772_p1                     |  26|          5|   32|        160|
    |grp_fu_776_p0                     |  26|          5|   32|        160|
    |grp_fu_776_p1                     |  26|          5|   32|        160|
    |grp_fu_784_p0                     |  26|          5|   32|        160|
    |grp_fu_787_p0                     |  26|          5|   32|        160|
    |grp_fu_790_p0                     |  26|          5|   32|        160|
    |grp_fu_793_p0                     |  26|          5|   32|        160|
    |j_fu_210                          |   9|          2|   10|         20|
    |s0_fu_206                         |   9|          2|   32|         64|
    |s10_fu_166                        |   9|          2|   32|         64|
    |s11_fu_162                        |   9|          2|   32|         64|
    |s12_fu_158                        |   9|          2|   32|         64|
    |s13_fu_154                        |   9|          2|   32|         64|
    |s14_fu_150                        |   9|          2|   32|         64|
    |s15_fu_146                        |   9|          2|   32|         64|
    |s1_fu_202                         |   9|          2|   32|         64|
    |s2_fu_198                         |   9|          2|   32|         64|
    |s3_fu_194                         |   9|          2|   32|         64|
    |s4_fu_190                         |   9|          2|   32|         64|
    |s5_fu_186                         |   9|          2|   32|         64|
    |s6_fu_182                         |   9|          2|   32|         64|
    |s7_fu_178                         |   9|          2|   32|         64|
    |s8_fu_174                         |   9|          2|   32|         64|
    |s9_fu_170                         |   9|          2|   32|         64|
    +----------------------------------+----+-----------+-----+-----------+
    |Total                             | 915|        187| 1692|       5307|
    +----------------------------------+----+-----------+-----+-----------+

    * Register: 
    +-----------------------------------------+----+----+-----+-----------+
    |                   Name                  | FF | LUT| Bits| Const Bits|
    +-----------------------------------------+----+----+-----+-----------+
    |ap_CS_fsm                                |   4|   0|    4|          0|
    |ap_done_reg                              |   1|   0|    1|          0|
    |ap_enable_reg_pp0_iter0_reg              |   1|   0|    1|          0|
    |ap_enable_reg_pp0_iter1                  |   1|   0|    1|          0|
    |ap_enable_reg_pp0_iter2                  |   1|   0|    1|          0|
    |ap_enable_reg_pp0_iter3                  |   1|   0|    1|          0|
    |ap_enable_reg_pp0_iter4                  |   1|   0|    1|          0|
    |ap_loop_exit_ready_pp0_iter1_reg         |   1|   0|    1|          0|
    |ap_loop_exit_ready_pp0_iter2_reg         |   1|   0|    1|          0|
    |ap_loop_exit_ready_pp0_iter3_reg         |   1|   0|    1|          0|
    |conv10_reg_1780                          |  32|   0|   32|          0|
    |conv11_reg_1785                          |  32|   0|   32|          0|
    |conv12_reg_1790                          |  32|   0|   32|          0|
    |conv13_reg_1795                          |  32|   0|   32|          0|
    |conv14_reg_1800                          |  32|   0|   32|          0|
    |conv15_reg_1810                          |  32|   0|   32|          0|
    |conv16_reg_1820                          |  32|   0|   32|          0|
    |conv17_reg_1830                          |  32|   0|   32|          0|
    |conv2_reg_1660                           |  32|   0|   32|          0|
    |conv3_reg_1670                           |  32|   0|   32|          0|
    |conv4_reg_1680                           |  32|   0|   32|          0|
    |conv5_reg_1690                           |  32|   0|   32|          0|
    |conv6_reg_1760                           |  32|   0|   32|          0|
    |conv7_reg_1765                           |  32|   0|   32|          0|
    |conv8_reg_1770                           |  32|   0|   32|          0|
    |conv9_reg_1775                           |  32|   0|   32|          0|
    |h_a_10_load_reg_1730                     |  32|   0|   32|          0|
    |h_a_11_load_reg_1735                     |  32|   0|   32|          0|
    |h_a_1_load_reg_1675                      |  32|   0|   32|          0|
    |h_a_2_load_reg_1685                      |  32|   0|   32|          0|
    |h_a_3_load_reg_1695                      |  32|   0|   32|          0|
    |h_a_4_load_reg_1700                      |  32|   0|   32|          0|
    |h_a_5_load_reg_1705                      |  32|   0|   32|          0|
    |h_a_6_load_reg_1710                      |  32|   0|   32|          0|
    |h_a_7_load_reg_1715                      |  32|   0|   32|          0|
    |h_a_8_load_reg_1720                      |  32|   0|   32|          0|
    |h_a_9_load_reg_1725                      |  32|   0|   32|          0|
    |h_a_load_reg_1665                        |  32|   0|   32|          0|
    |j_fu_210                                 |  10|   0|   10|          0|
    |lshr_ln1_reg_1367                        |   5|   0|    5|          0|
    |mul10_reg_1940                           |  32|   0|   32|          0|
    |mul11_reg_1945                           |  32|   0|   32|          0|
    |mul12_reg_1950                           |  32|   0|   32|          0|
    |mul13_reg_1955                           |  32|   0|   32|          0|
    |mul14_reg_1980                           |  32|   0|   32|          0|
    |mul15_reg_1985                           |  32|   0|   32|          0|
    |mul16_reg_1990                           |  32|   0|   32|          0|
    |mul17_reg_1995                           |  32|   0|   32|          0|
    |mul2_reg_1840                            |  32|   0|   32|          0|
    |mul3_reg_1845                            |  32|   0|   32|          0|
    |mul4_reg_1850                            |  32|   0|   32|          0|
    |mul5_reg_1855                            |  32|   0|   32|          0|
    |mul6_reg_1900                            |  32|   0|   32|          0|
    |mul7_reg_1905                            |  32|   0|   32|          0|
    |mul8_reg_1910                            |  32|   0|   32|          0|
    |mul9_reg_1915                            |  32|   0|   32|          0|
    |p_ZL16trunk_1_weight_q_0_load_reg_1452   |   8|   0|    8|          0|
    |p_ZL16trunk_1_weight_q_10_load_reg_1502  |   8|   0|    8|          0|
    |p_ZL16trunk_1_weight_q_11_load_reg_1507  |   8|   0|    8|          0|
    |p_ZL16trunk_1_weight_q_12_load_reg_1512  |   8|   0|    8|          0|
    |p_ZL16trunk_1_weight_q_13_load_reg_1517  |   8|   0|    8|          0|
    |p_ZL16trunk_1_weight_q_14_load_reg_1522  |   8|   0|    8|          0|
    |p_ZL16trunk_1_weight_q_15_load_reg_1527  |   8|   0|    8|          0|
    |p_ZL16trunk_1_weight_q_1_load_reg_1457   |   8|   0|    8|          0|
    |p_ZL16trunk_1_weight_q_2_load_reg_1462   |   8|   0|    8|          0|
    |p_ZL16trunk_1_weight_q_3_load_reg_1467   |   8|   0|    8|          0|
    |p_ZL16trunk_1_weight_q_4_load_reg_1472   |   8|   0|    8|          0|
    |p_ZL16trunk_1_weight_q_5_load_reg_1477   |   8|   0|    8|          0|
    |p_ZL16trunk_1_weight_q_6_load_reg_1482   |   8|   0|    8|          0|
    |p_ZL16trunk_1_weight_q_7_load_reg_1487   |   8|   0|    8|          0|
    |p_ZL16trunk_1_weight_q_8_load_reg_1492   |   8|   0|    8|          0|
    |p_ZL16trunk_1_weight_q_9_load_reg_1497   |   8|   0|    8|          0|
    |s0_fu_206                                |  32|   0|   32|          0|
    |s10_fu_166                               |  32|   0|   32|          0|
    |s11_fu_162                               |  32|   0|   32|          0|
    |s12_fu_158                               |  32|   0|   32|          0|
    |s13_fu_154                               |  32|   0|   32|          0|
    |s14_fu_150                               |  32|   0|   32|          0|
    |s15_fu_146                               |  32|   0|   32|          0|
    |s1_fu_202                                |  32|   0|   32|          0|
    |s2_fu_198                                |  32|   0|   32|          0|
    |s3_fu_194                                |  32|   0|   32|          0|
    |s4_fu_190                                |  32|   0|   32|          0|
    |s5_fu_186                                |  32|   0|   32|          0|
    |s6_fu_182                                |  32|   0|   32|          0|
    |s7_fu_178                                |  32|   0|   32|          0|
    |s8_fu_174                                |  32|   0|   32|          0|
    |s9_fu_170                                |  32|   0|   32|          0|
    |tmp_reg_1363                             |   1|   0|    1|          0|
    |zext_ln135_reg_1572                      |   5|   0|   64|         59|
    |tmp_reg_1363                             |  64|  32|    1|          0|
    +-----------------------------------------+----+----+-----+-----------+
    |Total                                    |2146|  32| 2142|         59|
    +-----------------------------------------+----+----+-----+-----------+



================================================================
== Interface
================================================================
* Summary: 
+----------------------+-----+-----+------------+----------------------------+--------------+
|       RTL Ports      | Dir | Bits|  Protocol  |        Source Object       |    C Type    |
+----------------------+-----+-----+------------+----------------------------+--------------+
|ap_clk                |   in|    1|  ap_ctrl_hs|  pb_predict_Pipeline_L1_MAC|  return value|
|ap_rst                |   in|    1|  ap_ctrl_hs|  pb_predict_Pipeline_L1_MAC|  return value|
|ap_start              |   in|    1|  ap_ctrl_hs|  pb_predict_Pipeline_L1_MAC|  return value|
|ap_done               |  out|    1|  ap_ctrl_hs|  pb_predict_Pipeline_L1_MAC|  return value|
|ap_idle               |  out|    1|  ap_ctrl_hs|  pb_predict_Pipeline_L1_MAC|  return value|
|ap_ready              |  out|    1|  ap_ctrl_hs|  pb_predict_Pipeline_L1_MAC|  return value|
|grp_fu_2052_p_din0    |  out|   32|  ap_ctrl_hs|  pb_predict_Pipeline_L1_MAC|  return value|
|grp_fu_2052_p_din1    |  out|   32|  ap_ctrl_hs|  pb_predict_Pipeline_L1_MAC|  return value|
|grp_fu_2052_p_opcode  |  out|    1|  ap_ctrl_hs|  pb_predict_Pipeline_L1_MAC|  return value|
|grp_fu_2052_p_dout0   |   in|   32|  ap_ctrl_hs|  pb_predict_Pipeline_L1_MAC|  return value|
|grp_fu_2052_p_ce      |  out|    1|  ap_ctrl_hs|  pb_predict_Pipeline_L1_MAC|  return value|
|grp_fu_4258_p_din0    |  out|   32|  ap_ctrl_hs|  pb_predict_Pipeline_L1_MAC|  return value|
|grp_fu_4258_p_din1    |  out|   32|  ap_ctrl_hs|  pb_predict_Pipeline_L1_MAC|  return value|
|grp_fu_4258_p_opcode  |  out|    2|  ap_ctrl_hs|  pb_predict_Pipeline_L1_MAC|  return value|
|grp_fu_4258_p_dout0   |   in|   32|  ap_ctrl_hs|  pb_predict_Pipeline_L1_MAC|  return value|
|grp_fu_4258_p_ce      |  out|    1|  ap_ctrl_hs|  pb_predict_Pipeline_L1_MAC|  return value|
|grp_fu_4262_p_din0    |  out|   32|  ap_ctrl_hs|  pb_predict_Pipeline_L1_MAC|  return value|
|grp_fu_4262_p_din1    |  out|   32|  ap_ctrl_hs|  pb_predict_Pipeline_L1_MAC|  return value|
|grp_fu_4262_p_opcode  |  out|    2|  ap_ctrl_hs|  pb_predict_Pipeline_L1_MAC|  return value|
|grp_fu_4262_p_dout0   |   in|   32|  ap_ctrl_hs|  pb_predict_Pipeline_L1_MAC|  return value|
|grp_fu_4262_p_ce      |  out|    1|  ap_ctrl_hs|  pb_predict_Pipeline_L1_MAC|  return value|
|grp_fu_4266_p_din0    |  out|   32|  ap_ctrl_hs|  pb_predict_Pipeline_L1_MAC|  return value|
|grp_fu_4266_p_din1    |  out|   32|  ap_ctrl_hs|  pb_predict_Pipeline_L1_MAC|  return value|
|grp_fu_4266_p_opcode  |  out|    2|  ap_ctrl_hs|  pb_predict_Pipeline_L1_MAC|  return value|
|grp_fu_4266_p_dout0   |   in|   32|  ap_ctrl_hs|  pb_predict_Pipeline_L1_MAC|  return value|
|grp_fu_4266_p_ce      |  out|    1|  ap_ctrl_hs|  pb_predict_Pipeline_L1_MAC|  return value|
|grp_fu_2057_p_din0    |  out|   32|  ap_ctrl_hs|  pb_predict_Pipeline_L1_MAC|  return value|
|grp_fu_2057_p_din1    |  out|   32|  ap_ctrl_hs|  pb_predict_Pipeline_L1_MAC|  return value|
|grp_fu_2057_p_dout0   |   in|   32|  ap_ctrl_hs|  pb_predict_Pipeline_L1_MAC|  return value|
|grp_fu_2057_p_ce      |  out|    1|  ap_ctrl_hs|  pb_predict_Pipeline_L1_MAC|  return value|
|grp_fu_4270_p_din0    |  out|   32|  ap_ctrl_hs|  pb_predict_Pipeline_L1_MAC|  return value|
|grp_fu_4270_p_din1    |  out|   32|  ap_ctrl_hs|  pb_predict_Pipeline_L1_MAC|  return value|
|grp_fu_4270_p_dout0   |   in|   32|  ap_ctrl_hs|  pb_predict_Pipeline_L1_MAC|  return value|
|grp_fu_4270_p_ce      |  out|    1|  ap_ctrl_hs|  pb_predict_Pipeline_L1_MAC|  return value|
|grp_fu_4274_p_din0    |  out|   32|  ap_ctrl_hs|  pb_predict_Pipeline_L1_MAC|  return value|
|grp_fu_4274_p_din1    |  out|   32|  ap_ctrl_hs|  pb_predict_Pipeline_L1_MAC|  return value|
|grp_fu_4274_p_dout0   |   in|   32|  ap_ctrl_hs|  pb_predict_Pipeline_L1_MAC|  return value|
|grp_fu_4274_p_ce      |  out|    1|  ap_ctrl_hs|  pb_predict_Pipeline_L1_MAC|  return value|
|grp_fu_4278_p_din0    |  out|   32|  ap_ctrl_hs|  pb_predict_Pipeline_L1_MAC|  return value|
|grp_fu_4278_p_din1    |  out|   32|  ap_ctrl_hs|  pb_predict_Pipeline_L1_MAC|  return value|
|grp_fu_4278_p_dout0   |   in|   32|  ap_ctrl_hs|  pb_predict_Pipeline_L1_MAC|  return value|
|grp_fu_4278_p_ce      |  out|    1|  ap_ctrl_hs|  pb_predict_Pipeline_L1_MAC|  return value|
|grp_fu_4282_p_din0    |  out|   32|  ap_ctrl_hs|  pb_predict_Pipeline_L1_MAC|  return value|
|grp_fu_4282_p_dout0   |   in|   32|  ap_ctrl_hs|  pb_predict_Pipeline_L1_MAC|  return value|
|grp_fu_4282_p_ce      |  out|    1|  ap_ctrl_hs|  pb_predict_Pipeline_L1_MAC|  return value|
|grp_fu_4285_p_din0    |  out|   32|  ap_ctrl_hs|  pb_predict_Pipeline_L1_MAC|  return value|
|grp_fu_4285_p_dout0   |   in|   32|  ap_ctrl_hs|  pb_predict_Pipeline_L1_MAC|  return value|
|grp_fu_4285_p_ce      |  out|    1|  ap_ctrl_hs|  pb_predict_Pipeline_L1_MAC|  return value|
|grp_fu_4288_p_din0    |  out|   32|  ap_ctrl_hs|  pb_predict_Pipeline_L1_MAC|  return value|
|grp_fu_4288_p_dout0   |   in|   32|  ap_ctrl_hs|  pb_predict_Pipeline_L1_MAC|  return value|
|grp_fu_4288_p_ce      |  out|    1|  ap_ctrl_hs|  pb_predict_Pipeline_L1_MAC|  return value|
|grp_fu_4291_p_din0    |  out|   32|  ap_ctrl_hs|  pb_predict_Pipeline_L1_MAC|  return value|
|grp_fu_4291_p_dout0   |   in|   32|  ap_ctrl_hs|  pb_predict_Pipeline_L1_MAC|  return value|
|grp_fu_4291_p_ce      |  out|    1|  ap_ctrl_hs|  pb_predict_Pipeline_L1_MAC|  return value|
|i_3                   |   in|    9|     ap_none|                         i_3|        scalar|
|h_a_address0          |  out|    5|   ap_memory|                         h_a|         array|
|h_a_ce0               |  out|    1|   ap_memory|                         h_a|         array|
|h_a_q0                |   in|   32|   ap_memory|                         h_a|         array|
|h_a_1_address0        |  out|    5|   ap_memory|                       h_a_1|         array|
|h_a_1_ce0             |  out|    1|   ap_memory|                       h_a_1|         array|
|h_a_1_q0              |   in|   32|   ap_memory|                       h_a_1|         array|
|h_a_2_address0        |  out|    5|   ap_memory|                       h_a_2|         array|
|h_a_2_ce0             |  out|    1|   ap_memory|                       h_a_2|         array|
|h_a_2_q0              |   in|   32|   ap_memory|                       h_a_2|         array|
|h_a_3_address0        |  out|    5|   ap_memory|                       h_a_3|         array|
|h_a_3_ce0             |  out|    1|   ap_memory|                       h_a_3|         array|
|h_a_3_q0              |   in|   32|   ap_memory|                       h_a_3|         array|
|h_a_4_address0        |  out|    5|   ap_memory|                       h_a_4|         array|
|h_a_4_ce0             |  out|    1|   ap_memory|                       h_a_4|         array|
|h_a_4_q0              |   in|   32|   ap_memory|                       h_a_4|         array|
|h_a_5_address0        |  out|    5|   ap_memory|                       h_a_5|         array|
|h_a_5_ce0             |  out|    1|   ap_memory|                       h_a_5|         array|
|h_a_5_q0              |   in|   32|   ap_memory|                       h_a_5|         array|
|h_a_6_address0        |  out|    5|   ap_memory|                       h_a_6|         array|
|h_a_6_ce0             |  out|    1|   ap_memory|                       h_a_6|         array|
|h_a_6_q0              |   in|   32|   ap_memory|                       h_a_6|         array|
|h_a_7_address0        |  out|    5|   ap_memory|                       h_a_7|         array|
|h_a_7_ce0             |  out|    1|   ap_memory|                       h_a_7|         array|
|h_a_7_q0              |   in|   32|   ap_memory|                       h_a_7|         array|
|h_a_8_address0        |  out|    5|   ap_memory|                       h_a_8|         array|
|h_a_8_ce0             |  out|    1|   ap_memory|                       h_a_8|         array|
|h_a_8_q0              |   in|   32|   ap_memory|                       h_a_8|         array|
|h_a_9_address0        |  out|    5|   ap_memory|                       h_a_9|         array|
|h_a_9_ce0             |  out|    1|   ap_memory|                       h_a_9|         array|
|h_a_9_q0              |   in|   32|   ap_memory|                       h_a_9|         array|
|h_a_10_address0       |  out|    5|   ap_memory|                      h_a_10|         array|
|h_a_10_ce0            |  out|    1|   ap_memory|                      h_a_10|         array|
|h_a_10_q0             |   in|   32|   ap_memory|                      h_a_10|         array|
|h_a_11_address0       |  out|    5|   ap_memory|                      h_a_11|         array|
|h_a_11_ce0            |  out|    1|   ap_memory|                      h_a_11|         array|
|h_a_11_q0             |   in|   32|   ap_memory|                      h_a_11|         array|
|h_a_12_address0       |  out|    5|   ap_memory|                      h_a_12|         array|
|h_a_12_ce0            |  out|    1|   ap_memory|                      h_a_12|         array|
|h_a_12_q0             |   in|   32|   ap_memory|                      h_a_12|         array|
|h_a_13_address0       |  out|    5|   ap_memory|                      h_a_13|         array|
|h_a_13_ce0            |  out|    1|   ap_memory|                      h_a_13|         array|
|h_a_13_q0             |   in|   32|   ap_memory|                      h_a_13|         array|
|h_a_14_address0       |  out|    5|   ap_memory|                      h_a_14|         array|
|h_a_14_ce0            |  out|    1|   ap_memory|                      h_a_14|         array|
|h_a_14_q0             |   in|   32|   ap_memory|                      h_a_14|         array|
|h_a_15_address0       |  out|    5|   ap_memory|                      h_a_15|         array|
|h_a_15_ce0            |  out|    1|   ap_memory|                      h_a_15|         array|
|h_a_15_q0             |   in|   32|   ap_memory|                      h_a_15|         array|
|s0_out                |  out|   32|      ap_vld|                      s0_out|       pointer|
|s0_out_ap_vld         |  out|    1|      ap_vld|                      s0_out|       pointer|
|s1_out                |  out|   32|      ap_vld|                      s1_out|       pointer|
|s1_out_ap_vld         |  out|    1|      ap_vld|                      s1_out|       pointer|
|s2_out                |  out|   32|      ap_vld|                      s2_out|       pointer|
|s2_out_ap_vld         |  out|    1|      ap_vld|                      s2_out|       pointer|
|s3_out                |  out|   32|      ap_vld|                      s3_out|       pointer|
|s3_out_ap_vld         |  out|    1|      ap_vld|                      s3_out|       pointer|
|s4_out                |  out|   32|      ap_vld|                      s4_out|       pointer|
|s4_out_ap_vld         |  out|    1|      ap_vld|                      s4_out|       pointer|
|s5_out                |  out|   32|      ap_vld|                      s5_out|       pointer|
|s5_out_ap_vld         |  out|    1|      ap_vld|                      s5_out|       pointer|
|s6_out                |  out|   32|      ap_vld|                      s6_out|       pointer|
|s6_out_ap_vld         |  out|    1|      ap_vld|                      s6_out|       pointer|
|s7_out                |  out|   32|      ap_vld|                      s7_out|       pointer|
|s7_out_ap_vld         |  out|    1|      ap_vld|                      s7_out|       pointer|
|s8_out                |  out|   32|      ap_vld|                      s8_out|       pointer|
|s8_out_ap_vld         |  out|    1|      ap_vld|                      s8_out|       pointer|
|s9_out                |  out|   32|      ap_vld|                      s9_out|       pointer|
|s9_out_ap_vld         |  out|    1|      ap_vld|                      s9_out|       pointer|
|s10_out               |  out|   32|      ap_vld|                     s10_out|       pointer|
|s10_out_ap_vld        |  out|    1|      ap_vld|                     s10_out|       pointer|
|s11_out               |  out|   32|      ap_vld|                     s11_out|       pointer|
|s11_out_ap_vld        |  out|    1|      ap_vld|                     s11_out|       pointer|
|s12_out               |  out|   32|      ap_vld|                     s12_out|       pointer|
|s12_out_ap_vld        |  out|    1|      ap_vld|                     s12_out|       pointer|
|s13_out               |  out|   32|      ap_vld|                     s13_out|       pointer|
|s13_out_ap_vld        |  out|    1|      ap_vld|                     s13_out|       pointer|
|s14_out               |  out|   32|      ap_vld|                     s14_out|       pointer|
|s14_out_ap_vld        |  out|    1|      ap_vld|                     s14_out|       pointer|
|s15_out               |  out|   32|      ap_vld|                     s15_out|       pointer|
|s15_out_ap_vld        |  out|    1|      ap_vld|                     s15_out|       pointer|
+----------------------+-----+-----+------------+----------------------------+--------------+

